Archive member included to satisfy reference by file (symbol)

c:/progra~2/gnu arm embedded toolchain/10 2021.10/bin/../lib/gcc/arm-none-eabi/10.3.1/../../../../arm-none-eabi/lib/thumb/v8-m.main+fp/softfp\libm.a(lib_a-wf_sqrt.o)
                              CMakeFiles/univibe_rp2350_dma.dir/univibe_rp2350_dma.cpp.obj (sqrtf)
c:/progra~2/gnu arm embedded toolchain/10 2021.10/bin/../lib/gcc/arm-none-eabi/10.3.1/../../../../arm-none-eabi/lib/thumb/v8-m.main+fp/softfp\libm.a(lib_a-ef_sqrt.o)
                              c:/progra~2/gnu arm embedded toolchain/10 2021.10/bin/../lib/gcc/arm-none-eabi/10.3.1/../../../../arm-none-eabi/lib/thumb/v8-m.main+fp/softfp\libm.a(lib_a-wf_sqrt.o) (__ieee754_sqrtf)
c:/progra~2/gnu arm embedded toolchain/10 2021.10/bin/../lib/gcc/arm-none-eabi/10.3.1/thumb/v8-m.main+fp/softfp\libgcc.a(_arm_addsubdf3.o)
                              CMakeFiles/univibe_rp2350_dma.dir/C_/Users/devx/.pico-sdk/sdk/2.2.0/src/rp2_common/pico_float/float_math.c.obj (__aeabi_f2d)
c:/progra~2/gnu arm embedded toolchain/10 2021.10/bin/../lib/gcc/arm-none-eabi/10.3.1/thumb/v8-m.main+fp/softfp\libgcc.a(_aeabi_ldivmod.o)
                              CMakeFiles/univibe_rp2350_dma.dir/C_/Users/devx/.pico-sdk/sdk/2.2.0/src/common/pico_time/time.c.obj (__aeabi_ldivmod)
c:/progra~2/gnu arm embedded toolchain/10 2021.10/bin/../lib/gcc/arm-none-eabi/10.3.1/thumb/v8-m.main+fp/softfp\libgcc.a(_aeabi_uldivmod.o)
                              CMakeFiles/univibe_rp2350_dma.dir/C_/Users/devx/.pico-sdk/sdk/2.2.0/src/rp2_common/hardware_clocks/clocks.c.obj (__aeabi_uldivmod)
c:/progra~2/gnu arm embedded toolchain/10 2021.10/bin/../lib/gcc/arm-none-eabi/10.3.1/thumb/v8-m.main+fp/softfp\libgcc.a(_udivmoddi4.o)
                              c:/progra~2/gnu arm embedded toolchain/10 2021.10/bin/../lib/gcc/arm-none-eabi/10.3.1/thumb/v8-m.main+fp/softfp\libgcc.a(_aeabi_ldivmod.o) (__udivmoddi4)
c:/progra~2/gnu arm embedded toolchain/10 2021.10/bin/../lib/gcc/arm-none-eabi/10.3.1/thumb/v8-m.main+fp/softfp\libgcc.a(_dvmd_tls.o)
                              c:/progra~2/gnu arm embedded toolchain/10 2021.10/bin/../lib/gcc/arm-none-eabi/10.3.1/thumb/v8-m.main+fp/softfp\libgcc.a(_aeabi_ldivmod.o) (__aeabi_ldiv0)
c:/progra~2/gnu arm embedded toolchain/10 2021.10/bin/../lib/gcc/arm-none-eabi/10.3.1/../../../../arm-none-eabi/lib/thumb/v8-m.main+fp/softfp\libg.a(lib_a-calloc.o)
                              CMakeFiles/univibe_rp2350_dma.dir/C_/Users/devx/.pico-sdk/sdk/2.2.0/src/rp2_common/pico_malloc/malloc.c.obj (calloc)
c:/progra~2/gnu arm embedded toolchain/10 2021.10/bin/../lib/gcc/arm-none-eabi/10.3.1/../../../../arm-none-eabi/lib/thumb/v8-m.main+fp/softfp\libg.a(lib_a-callocr.o)
                              c:/progra~2/gnu arm embedded toolchain/10 2021.10/bin/../lib/gcc/arm-none-eabi/10.3.1/../../../../arm-none-eabi/lib/thumb/v8-m.main+fp/softfp\libg.a(lib_a-calloc.o) (_calloc_r)
c:/progra~2/gnu arm embedded toolchain/10 2021.10/bin/../lib/gcc/arm-none-eabi/10.3.1/../../../../arm-none-eabi/lib/thumb/v8-m.main+fp/softfp\libg.a(lib_a-errno.o)
                              c:/progra~2/gnu arm embedded toolchain/10 2021.10/bin/../lib/gcc/arm-none-eabi/10.3.1/../../../../arm-none-eabi/lib/thumb/v8-m.main+fp/softfp\libm.a(lib_a-wf_sqrt.o) (__errno)
c:/progra~2/gnu arm embedded toolchain/10 2021.10/bin/../lib/gcc/arm-none-eabi/10.3.1/../../../../arm-none-eabi/lib/thumb/v8-m.main+fp/softfp\libg.a(lib_a-impure.o)
                              c:/progra~2/gnu arm embedded toolchain/10 2021.10/bin/../lib/gcc/arm-none-eabi/10.3.1/../../../../arm-none-eabi/lib/thumb/v8-m.main+fp/softfp\libg.a(lib_a-calloc.o) (_impure_ptr)
c:/progra~2/gnu arm embedded toolchain/10 2021.10/bin/../lib/gcc/arm-none-eabi/10.3.1/../../../../arm-none-eabi/lib/thumb/v8-m.main+fp/softfp\libg.a(lib_a-init.o)
                              c:/progra~2/gnu arm embedded toolchain/10 2021.10/bin/../lib/gcc/arm-none-eabi/10.3.1/../../../../arm-none-eabi/lib/thumb/v8-m.main+fp/softfp/crt0.o (__libc_init_array)
c:/progra~2/gnu arm embedded toolchain/10 2021.10/bin/../lib/gcc/arm-none-eabi/10.3.1/../../../../arm-none-eabi/lib/thumb/v8-m.main+fp/softfp\libg.a(lib_a-lcltime_r.o)
                              CMakeFiles/univibe_rp2350_dma.dir/C_/Users/devx/.pico-sdk/sdk/2.2.0/src/common/pico_util/datetime.c.obj (localtime_r)
c:/progra~2/gnu arm embedded toolchain/10 2021.10/bin/../lib/gcc/arm-none-eabi/10.3.1/../../../../arm-none-eabi/lib/thumb/v8-m.main+fp/softfp\libg.a(lib_a-malloc.o)
                              CMakeFiles/univibe_rp2350_dma.dir/C_/Users/devx/.pico-sdk/sdk/2.2.0/src/rp2_common/pico_malloc/malloc.c.obj (malloc)
c:/progra~2/gnu arm embedded toolchain/10 2021.10/bin/../lib/gcc/arm-none-eabi/10.3.1/../../../../arm-none-eabi/lib/thumb/v8-m.main+fp/softfp\libg.a(lib_a-mallocr.o)
[...]
Memory Configuration

Name             Origin             Length             Attributes
FLASH            0x10000000         0x00400000         xr
RAM              0x20000000         0x00080000         xrw
SCRATCH_X        0x20080000         0x00001000         xrw
SCRATCH_Y        0x20081000         0x00001000         xrw
*default*        0x00000000         0xffffffff

Linker script and memory map

LOAD c:/progra~2/gnu arm embedded toolchain/10 2021.10/bin/../lib/gcc/arm-none-eabi/10.3.1/thumb/v8-m.main+fp/softfp/crti.o
LOAD c:/progra~2/gnu arm embedded toolchain/10 2021.10/bin/../lib/gcc/arm-none-eabi/10.3.1/thumb/v8-m.main+fp/softfp/crtbegin.o
LOAD c:/progra~2/gnu arm embedded toolchain/10 2021.10/bin/../lib/gcc/arm-none-eabi/10.3.1/../../../../arm-none-eabi/lib/thumb/v8-m.main+fp/softfp/crt0.o

.flash_begin    0x10000000        0x0
                0x10000000                __flash_binary_start = .

.text           0x10000000     0x9044
                0x10000000                __logical_binary_start = .
 *(.vectors)
 .vectors       0x10000000      0x124 CMakeFiles/univibe_rp2350_dma.dir/C_/Users/devx/.pico-sdk/sdk/2.2.0/src/rp2_common/pico_crt0/crt0.S.obj
                0x10000000                __VECTOR_TABLE
                0x10000000                __vectors
                0x10000110                __unhandled_user_irq
                0x10000110                isr_irq49
                0x10000110                isr_irq13
                0x10000110                isr_irq43
                0x10000110                isr_irq45
                0x10000110                isr_irq27
                0x10000110                isr_irq32
                0x10000110                isr_irq31
                0x10000110                isr_irq12
                0x10000110                isr_irq5
                0x10000110                isr_irq11
                0x10000110                isr_irq3
                0x10000110                isr_irq23
                0x10000110                isr_usagefault
                0x10000110                isr_irq48
                0x10000110                isr_irq30
                0x10000110                isr_irq18
                0x10000110                isr_irq50
                0x10000110                isr_irq33
                0x10000110                isr_irq40
                0x10000110                isr_irq28
                0x10000110                isr_irq19
                0x10000110                isr_irq36
                0x10000110                isr_irq41
                0x10000110                isr_irq0
                0x10000110                isr_irq6
                0x10000110                isr_irq26
                0x10000110                isr_irq29
                0x10000110                isr_memmanage
                0x10000110                isr_irq37
                0x10000110                isr_irq42
                0x10000110                isr_irq22
                0x10000110                isr_irq35
                0x10000110                isr_irq17
                0x10000110                isr_irq38
                0x10000110                isr_irq14
                0x10000110                __vectors_end
                0x10000110                __default_isrs_start
                0x10000110                isr_irq2
                0x10000110                isr_irq10
                0x10000110                isr_irq8
                0x10000110                isr_debugmonitor
                0x10000110                isr_irq24
                0x10000110                isr_irq46
                0x10000110                isr_irq1
                0x10000110                isr_irq47
                0x10000110                isr_irq51
                0x10000110                isr_irq7
                0x10000110                isr_irq21
                0x10000110                isr_irq39
                0x10000110                isr_irq20
                0x10000110                isr_irq15
                0x10000110                isr_irq25
                0x10000110                isr_irq34
                0x10000110                isr_irq44
                0x10000110                isr_securefault
                0x10000110                isr_irq4
                0x10000110                isr_busfault
                0x10000110                isr_irq16
                0x10000110                isr_irq9
                0x10000116                unhandled_user_irq_num_in_r0
                0x10000118                isr_invalid
                0x1000011a                isr_nmi
                0x1000011c                isr_hardfault
                0x1000011e                isr_svcall
                0x10000120                isr_pendsv
                0x10000122                isr_systick
                0x10000124                __default_isrs_end
 *(.binary_info_header)
 .binary_info_header
                0x10000124       0x14 CMakeFiles/univibe_rp2350_dma.dir/C_/Users/devx/.pico-sdk/sdk/2.2.0/src/rp2_common/pico_crt0/crt0.S.obj
                0x10000138                __binary_info_header_end = .
 *(.embedded_block)
 .embedded_block
                0x10000138       0x14 CMakeFiles/univibe_rp2350_dma.dir/C_/Users/devx/.pico-sdk/sdk/2.2.0/src/rp2_common/pico_crt0/crt0.S.obj
                0x1000014c                __embedded_block_end = .
 *(.reset)
 .reset         0x1000014c       0x98 CMakeFiles/univibe_rp2350_dma.dir/C_/Users/devx/.pico-sdk/sdk/2.2.0/src/rp2_common/pico_crt0/crt0.S.obj
                0x1000014c                _entry_point
 *(.init)
 .init          0x100001e4        0x4 c:/progra~2/gnu arm embedded toolchain/10 2021.10/bin/../lib/gcc/arm-none-eabi/10.3.1/thumb/v8-m.main+fp/softfp/crti.o
                0x100001e4                _init
 *libgcc.a:cmse_nonsecure_call.o()
 *(EXCLUDE_FILE(*libm.a: *libc.a:*lib_a-mem*.o *libgcc.a:) .text*)
 .text          0x100001e8       0x40 c:/progra~2/gnu arm embedded toolchain/10 2021.10/bin/../lib/gcc/arm-none-eabi/10.3.1/thumb/v8-m.main+fp/softfp/crtbegin.o
 .text._ZL16dma_irq0_handlerv
                0x10000228       0xe8 CMakeFiles/univibe_rp2350_dma.dir/univibe_rp2350_dma.cpp.obj
 .text._ZN6VibeUi4initEP4Vibe
                0x10000310      0x150 CMakeFiles/univibe_rp2350_dma.dir/univibe_rp2350_dma.cpp.obj
                0x10000310                VibeUi::init(Vibe*)
 .text._ZN4Vibe27update_smoothed_user_paramsEv
                0x10000460      0x47c CMakeFiles/univibe_rp2350_dma.dir/univibe_rp2350_dma.cpp.obj
                0x10000460                Vibe::update_smoothed_user_params()
 .text._ZN4Vibe10init_vibesEv
                0x100008dc      0x160 CMakeFiles/univibe_rp2350_dma.dir/univibe_rp2350_dma.cpp.obj
                0x100008dc                Vibe::init_vibes()
 .text._ZN4VibeC2EPfS0_
                0x10000a3c      0x190 CMakeFiles/univibe_rp2350_dma.dir/univibe_rp2350_dma.cpp.obj
                0x10000a3c                Vibe::Vibe(float*, float*)
                0x10000a3c                Vibe::Vibe(float*, float*)
 .text._ZN4Vibe6reseedEm
                0x10000bcc      0x2ec CMakeFiles/univibe_rp2350_dma.dir/univibe_rp2350_dma.cpp.obj
                0x10000bcc                Vibe::reseed(unsigned long)
 .text._ZN4Vibe8modulateEff
                0x10000eb8      0x19c CMakeFiles/univibe_rp2350_dma.dir/univibe_rp2350_dma.cpp.obj
                0x10000eb8                Vibe::modulate(float, float)
 .text._ZN4Vibe3outEPfS0_
                0x10001054      0xfb8 CMakeFiles/univibe_rp2350_dma.dir/univibe_rp2350_dma.cpp.obj
                0x10001054                Vibe::out(float*, float*)
 .text.startup.main
                0x1000200c      0xdb0 CMakeFiles/univibe_rp2350_dma.dir/univibe_rp2350_dma.cpp.obj
                0x1000200c                main
 .text.startup._GLOBAL__sub_I__ZN4VibeC2EPfS0_
                0x10002dbc       0x18 CMakeFiles/univibe_rp2350_dma.dir/univibe_rp2350_dma.cpp.obj
 .text.gpio_set_function
                0x10002dd4       0x3c CMakeFiles/univibe_rp2350_dma.dir/C_/Users/devx/.pico-sdk/sdk/2.2.0/src/rp2_common/hardware_gpio/gpio.c.obj
                0x10002dd4                gpio_set_function
 .text.gpio_set_pulls
                0x10002e10       0x34 CMakeFiles/univibe_rp2350_dma.dir/C_/Users/devx/.pico-sdk/sdk/2.2.0/src/rp2_common/hardware_gpio/gpio.c.obj
                0x10002e10                gpio_set_pulls
 .text.gpio_init
                0x10002e44       0x44 CMakeFiles/univibe_rp2350_dma.dir/C_/Users/devx/.pico-sdk/sdk/2.2.0/src/rp2_common/hardware_gpio/gpio.c.obj
                0x10002e44                gpio_init
 .text.panic    0x10002e88       0x30 CMakeFiles/univibe_rp2350_dma.dir/C_/Users/devx/.pico-sdk/sdk/2.2.0/src/rp2_common/pico_platform_panic/panic.c.obj
                0x10002e88                panic
 .text.hw_claim_lock
                0x10002eb8       0x24 CMakeFiles/univibe_rp2350_dma.dir/C_/Users/devx/.pico-sdk/sdk/2.2.0/src/common/hardware_claim/claim.c.obj
                0x10002eb8                hw_claim_lock
 .text.hw_claim_unlock
                0x10002edc       0x14 CMakeFiles/univibe_rp2350_dma.dir/C_/Users/devx/.pico-sdk/sdk/2.2.0/src/common/hardware_claim/claim.c.obj
                0x10002edc                hw_claim_unlock
 .text.hw_claim_or_assert
                0x10002ef0       0x5c CMakeFiles/univibe_rp2350_dma.dir/C_/Users/devx/.pico-sdk/sdk/2.2.0/src/common/hardware_claim/claim.c.obj
                0x10002ef0                hw_claim_or_assert
 .text.hw_claim_unused_from_range
                0x10002f4c       0x9c CMakeFiles/univibe_rp2350_dma.dir/C_/Users/devx/.pico-sdk/sdk/2.2.0/src/common/hardware_claim/claim.c.obj
                0x10002f4c                hw_claim_unused_from_range
 .text.next_striped_spin_lock_num
                0x10002fe8       0x18 CMakeFiles/univibe_rp2350_dma.dir/C_/Users/devx/.pico-sdk/sdk/2.2.0/src/rp2_common/hardware_sync/sync.c.obj
                0x10002fe8                next_striped_spin_lock_num
 .text.spin_lock_claim_unused
                0x10003000       0x20 CMakeFiles/univibe_rp2350_dma.dir/C_/Users/devx/.pico-sdk/sdk/2.2.0/src/rp2_common/hardware_sync/sync.c.obj
                0x10003000                spin_lock_claim_unused
 .text.spinlock_set_extexclall
                0x10003020       0x10 CMakeFiles/univibe_rp2350_dma.dir/C_/Users/devx/.pico-sdk/sdk/2.2.0/src/rp2_common/hardware_sync_spin_lock/sync_spin_lock.c.obj
 .text.spin_locks_reset
                0x10003030       0x18 CMakeFiles/univibe_rp2350_dma.dir/C_/Users/devx/.pico-sdk/sdk/2.2.0/src/rp2_common/hardware_sync_spin_lock/sync_spin_lock.c.obj
                0x10003030                spin_locks_reset
 .text.runtime_init_per_core_irq_priorities
                0x10003048       0x40 CMakeFiles/univibe_rp2350_dma.dir/C_/Users/devx/.pico-sdk/sdk/2.2.0/src/rp2_common/hardware_irq/irq.c.obj
                0x10003048                runtime_init_per_core_irq_priorities
 .text.irq_set_enabled
                0x10003088       0x2c CMakeFiles/univibe_rp2350_dma.dir/C_/Users/devx/.pico-sdk/sdk/2.2.0/src/rp2_common/hardware_irq/irq.c.obj
                0x10003088                irq_set_enabled
 .text.irq_is_enabled
                0x100030b4       0x20 CMakeFiles/univibe_rp2350_dma.dir/C_/Users/devx/.pico-sdk/sdk/2.2.0/src/rp2_common/hardware_irq/irq.c.obj
                0x100030b4                irq_is_enabled
 .text.irq_set_pending
                0x100030d4       0x1c CMakeFiles/univibe_rp2350_dma.dir/C_/Users/devx/.pico-sdk/sdk/2.2.0/src/rp2_common/hardware_irq/irq.c.obj
                0x100030d4                irq_set_pending
 .text.irq_has_shared_handler
                0x100030f0       0x20 CMakeFiles/univibe_rp2350_dma.dir/C_/Users/devx/.pico-sdk/sdk/2.2.0/src/rp2_common/hardware_irq/irq.c.obj
                0x100030f0                irq_has_shared_handler
 .text.irq_set_exclusive_handler
                0x10003110       0x60 CMakeFiles/univibe_rp2350_dma.dir/C_/Users/devx/.pico-sdk/sdk/2.2.0/src/rp2_common/hardware_irq/irq.c.obj
                0x10003110                irq_set_exclusive_handler
 .text.irq_add_shared_handler
                0x10003170      0x1e8 CMakeFiles/univibe_rp2350_dma.dir/C_/Users/devx/.pico-sdk/sdk/2.2.0/src/rp2_common/hardware_irq/irq.c.obj
                0x10003170                irq_add_shared_handler
 .text.irq_add_tail_to_free_list
                0x10003358       0xbc CMakeFiles/univibe_rp2350_dma.dir/C_/Users/devx/.pico-sdk/sdk/2.2.0/src/rp2_common/hardware_irq/irq.c.obj
                0x10003358                irq_add_tail_to_free_list
 .text.user_irq_claim_unused
                0x10003414       0x28 CMakeFiles/univibe_rp2350_dma.dir/C_/Users/devx/.pico-sdk/sdk/2.2.0/src/rp2_common/hardware_irq/irq.c.obj
                0x10003414                user_irq_claim_unused
 .text.lock_init
                0x1000343c        0xc CMakeFiles/univibe_rp2350_dma.dir/C_/Users/devx/.pico-sdk/sdk/2.2.0/src/common/pico_sync/lock_core.c.obj
                0x1000343c                lock_init
 .text.runtime_init_mutex
                0x10003448       0x54 CMakeFiles/univibe_rp2350_dma.dir/C_/Users/devx/.pico-sdk/sdk/2.2.0/src/common/pico_sync/mutex.c.obj
                0x10003448                runtime_init_mutex
 .text.mutex_init
                0x1000349c       0x1c CMakeFiles/univibe_rp2350_dma.dir/C_/Users/devx/.pico-sdk/sdk/2.2.0/src/common/pico_sync/mutex.c.obj
                0x1000349c                mutex_init
 .text.critical_section_init
                0x100034b8       0x1c CMakeFiles/univibe_rp2350_dma.dir/C_/Users/devx/.pico-sdk/sdk/2.2.0/src/common/pico_sync/critical_section.c.obj
                0x100034b8                critical_section_init
 .text.critical_section_init_with_lock_num
                0x100034d4       0x10 CMakeFiles/univibe_rp2350_dma.dir/C_/Users/devx/.pico-sdk/sdk/2.2.0/src/common/pico_sync/critical_section.c.obj
                0x100034d4                critical_section_init_with_lock_num
 .text.sleep_until_callback
                0x100034e4       0x3c CMakeFiles/univibe_rp2350_dma.dir/C_/Users/devx/.pico-sdk/sdk/2.2.0/src/common/pico_time/time.c.obj
 .text.alarm_pool_irq_handler
                0x10003520      0x300 CMakeFiles/univibe_rp2350_dma.dir/C_/Users/devx/.pico-sdk/sdk/2.2.0/src/common/pico_time/time.c.obj
 .text.runtime_init_default_alarm_pool
                0x10003820      0x100 CMakeFiles/univibe_rp2350_dma.dir/C_/Users/devx/.pico-sdk/sdk/2.2.0/src/common/pico_time/time.c.obj
                0x10003820                runtime_init_default_alarm_pool
 .text.alarm_pool_get_default
                0x10003920        0x8 CMakeFiles/univibe_rp2350_dma.dir/C_/Users/devx/.pico-sdk/sdk/2.2.0/src/common/pico_time/time.c.obj
                0x10003920                alarm_pool_get_default
 .text.alarm_pool_add_alarm_at
                0x10003928       0xdc CMakeFiles/univibe_rp2350_dma.dir/C_/Users/devx/.pico-sdk/sdk/2.2.0/src/common/pico_time/time.c.obj
                0x10003928                alarm_pool_add_alarm_at
 .text.alarm_pool_add_alarm_at_force_in_context
                0x10003a04       0xc4 CMakeFiles/univibe_rp2350_dma.dir/C_/Users/devx/.pico-sdk/sdk/2.2.0/src/common/pico_time/time.c.obj
                0x10003a04                alarm_pool_add_alarm_at_force_in_context
 .text.alarm_pool_cancel_alarm
                0x10003ac8       0x80 CMakeFiles/univibe_rp2350_dma.dir/C_/Users/devx/.pico-sdk/sdk/2.2.0/src/common/pico_time/time.c.obj
                0x10003ac8                alarm_pool_cancel_alarm
 .text.alarm_pool_core_num
                0x10003b48        0x4 CMakeFiles/univibe_rp2350_dma.dir/C_/Users/devx/.pico-sdk/sdk/2.2.0/src/common/pico_time/time.c.obj
                0x10003b48                alarm_pool_core_num
 .text.sleep_until
                0x10003b4c       0xbc CMakeFiles/univibe_rp2350_dma.dir/C_/Users/devx/.pico-sdk/sdk/2.2.0/src/common/pico_time/time.c.obj
                0x10003b4c                sleep_until
 .text.sleep_ms
                0x10003c08       0x24 CMakeFiles/univibe_rp2350_dma.dir/C_/Users/devx/.pico-sdk/sdk/2.2.0/src/common/pico_time/time.c.obj
                0x10003c08                sleep_ms
 .text.best_effort_wfe_or_timeout
                0x10003c2c       0xdc CMakeFiles/univibe_rp2350_dma.dir/C_/Users/devx/.pico-sdk/sdk/2.2.0/src/common/pico_time/time.c.obj
                0x10003c2c                best_effort_wfe_or_timeout
 .text.timer_hardware_alarm_claim
                0x10003d08       0x24 CMakeFiles/univibe_rp2350_dma.dir/C_/Users/devx/.pico-sdk/sdk/2.2.0/src/rp2_common/hardware_timer/timer.c.obj
                0x10003d08                timer_hardware_alarm_claim
 .text.timer_time_us_64
                0x10003d2c       0x10 CMakeFiles/univibe_rp2350_dma.dir/C_/Users/devx/.pico-sdk/sdk/2.2.0/src/rp2_common/hardware_timer/timer.c.obj
                0x10003d2c                timer_time_us_64
 .text.time_us_64
                0x10003d3c       0x14 CMakeFiles/univibe_rp2350_dma.dir/C_/Users/devx/.pico-sdk/sdk/2.2.0/src/rp2_common/hardware_timer/timer.c.obj
                0x10003d3c                time_us_64
 .text.busy_wait_until
                0x10003d50       0x24 CMakeFiles/univibe_rp2350_dma.dir/C_/Users/devx/.pico-sdk/sdk/2.2.0/src/rp2_common/hardware_timer/timer.c.obj
                0x10003d50                busy_wait_until
 .text.clock_configure_undivided
                0x10003d74       0xd0 CMakeFiles/univibe_rp2350_dma.dir/C_/Users/devx/.pico-sdk/sdk/2.2.0/src/rp2_common/hardware_clocks/clocks.c.obj
                0x10003d74                clock_configure_undivided
 .text.clock_get_hz
                0x10003e44        0xc CMakeFiles/univibe_rp2350_dma.dir/C_/Users/devx/.pico-sdk/sdk/2.2.0/src/rp2_common/hardware_clocks/clocks.c.obj
                0x10003e44                clock_get_hz
 .text.clock_gpio_init_int_frac16
                0x10003e50       0x5c CMakeFiles/univibe_rp2350_dma.dir/C_/Users/devx/.pico-sdk/sdk/2.2.0/src/rp2_common/hardware_clocks/clocks.c.obj
                0x10003e50                clock_gpio_init_int_frac16
 .text.set_sys_clock_pll
                0x10003eac      0x1a8 CMakeFiles/univibe_rp2350_dma.dir/C_/Users/devx/.pico-sdk/sdk/2.2.0/src/rp2_common/hardware_clocks/clocks.c.obj
                0x10003eac                set_sys_clock_pll
 .text.check_sys_clock_hz
                0x10004054      0x174 CMakeFiles/univibe_rp2350_dma.dir/C_/Users/devx/.pico-sdk/sdk/2.2.0/src/rp2_common/hardware_clocks/clocks.c.obj
                0x10004054                check_sys_clock_hz
 .text.pll_init
                0x100041c8       0x8c CMakeFiles/univibe_rp2350_dma.dir/C_/Users/devx/.pico-sdk/sdk/2.2.0/src/rp2_common/hardware_pll/pll.c.obj
                0x100041c8                pll_init
 .text.watchdog_reboot
                0x10004254       0x9c CMakeFiles/univibe_rp2350_dma.dir/C_/Users/devx/.pico-sdk/sdk/2.2.0/src/rp2_common/hardware_watchdog/watchdog.c.obj
                0x10004254                watchdog_reboot
 .text.tick_start
                0x100042f0       0x18 CMakeFiles/univibe_rp2350_dma.dir/C_/Users/devx/.pico-sdk/sdk/2.2.0/src/rp2_common/hardware_ticks/ticks.c.obj
                0x100042f0                tick_start
 .text.rom_reboot.constprop.0.isra.0
                0x10004308       0x38 CMakeFiles/univibe_rp2350_dma.dir/C_/Users/devx/.pico-sdk/sdk/2.2.0/src/rp2_common/pico_bootrom/bootrom.c.obj
 .text.rom_func_lookup
                0x10004340       0x18 CMakeFiles/univibe_rp2350_dma.dir/C_/Users/devx/.pico-sdk/sdk/2.2.0/src/rp2_common/pico_bootrom/bootrom.c.obj
                0x10004340                rom_func_lookup
 .text.rom_reset_usb_boot_extra
                0x10004358       0x1c CMakeFiles/univibe_rp2350_dma.dir/C_/Users/devx/.pico-sdk/sdk/2.2.0/src/rp2_common/pico_bootrom/bootrom.c.obj
                0x10004358                rom_reset_usb_boot_extra
 .text.runtime_init_bootrom_locking_enable
                0x10004374       0x14 CMakeFiles/univibe_rp2350_dma.dir/C_/Users/devx/.pico-sdk/sdk/2.2.0/src/rp2_common/pico_bootrom/bootrom_lock.c.obj
                0x10004374                runtime_init_bootrom_locking_enable
 .text.runtime_init_boot_locks_reset
                0x10004388       0x1c CMakeFiles/univibe_rp2350_dma.dir/C_/Users/devx/.pico-sdk/sdk/2.2.0/src/rp2_common/hardware_boot_lock/boot_lock.c.obj
                0x10004388                runtime_init_boot_locks_reset
 .text.xosc_init
                0x100043a4       0x30 CMakeFiles/univibe_rp2350_dma.dir/C_/Users/devx/.pico-sdk/sdk/2.2.0/src/rp2_common/hardware_xosc/xosc.c.obj
                0x100043a4                xosc_init
 .text.first_per_core_initializer
                0x100043d4        0x4 CMakeFiles/univibe_rp2350_dma.dir/C_/Users/devx/.pico-sdk/sdk/2.2.0/src/rp2_common/pico_runtime/runtime.c.obj
 .text.hard_assertion_failure
                0x100043d8        0xc CMakeFiles/univibe_rp2350_dma.dir/C_/Users/devx/.pico-sdk/sdk/2.2.0/src/rp2_common/pico_runtime/runtime.c.obj
                0x100043d8                hard_assertion_failure
 .text.runtime_run_initializers
                0x100043e4       0x20 CMakeFiles/univibe_rp2350_dma.dir/C_/Users/devx/.pico-sdk/sdk/2.2.0/src/rp2_common/pico_runtime/runtime.c.obj
                0x100043e4                runtime_run_initializers
 .text.runtime_init_early_resets
                0x10004404       0x34 CMakeFiles/univibe_rp2350_dma.dir/C_/Users/devx/.pico-sdk/sdk/2.2.0/src/rp2_common/pico_runtime_init/runtime_init.c.obj
                0x10004404                runtime_init_early_resets
 .text.runtime_init_usb_power_down
                0x10004438       0x1c CMakeFiles/univibe_rp2350_dma.dir/C_/Users/devx/.pico-sdk/sdk/2.2.0/src/rp2_common/pico_runtime_init/runtime_init.c.obj
                0x10004438                runtime_init_usb_power_down
 .text.runtime_init_per_core_enable_coprocessors
                0x10004454       0x1c CMakeFiles/univibe_rp2350_dma.dir/C_/Users/devx/.pico-sdk/sdk/2.2.0/src/rp2_common/pico_runtime_init/runtime_init.c.obj
                0x10004454                runtime_init_per_core_enable_coprocessors
 .text.runtime_init_post_clock_resets
                0x10004470       0x20 CMakeFiles/univibe_rp2350_dma.dir/C_/Users/devx/.pico-sdk/sdk/2.2.0/src/rp2_common/pico_runtime_init/runtime_init.c.obj
                0x10004470                runtime_init_post_clock_resets
 .text.runtime_init_bootrom_reset
                0x10004490       0x14 CMakeFiles/univibe_rp2350_dma.dir/C_/Users/devx/.pico-sdk/sdk/2.2.0/src/rp2_common/pico_runtime_init/runtime_init.c.obj
                0x10004490                runtime_init_bootrom_reset
 .text.runtime_init_per_core_bootrom_reset
                0x100044a4       0x14 CMakeFiles/univibe_rp2350_dma.dir/C_/Users/devx/.pico-sdk/sdk/2.2.0/src/rp2_common/pico_runtime_init/runtime_init.c.obj
                0x100044a4                runtime_init_per_core_bootrom_reset
 .text.runtime_init_spin_locks_reset
                0x100044b8        0x4 CMakeFiles/univibe_rp2350_dma.dir/C_/Users/devx/.pico-sdk/sdk/2.2.0/src/rp2_common/pico_runtime_init/runtime_init.c.obj
                0x100044b8                runtime_init_spin_locks_reset
 .text.runtime_init_install_ram_vector_table
                0x100044bc       0xd0 CMakeFiles/univibe_rp2350_dma.dir/C_/Users/devx/.pico-sdk/sdk/2.2.0/src/rp2_common/pico_runtime_init/runtime_init.c.obj
                0x100044bc                runtime_init_install_ram_vector_table
 .text.runtime_init_clocks
                0x1000458c       0xdc CMakeFiles/univibe_rp2350_dma.dir/C_/Users/devx/.pico-sdk/sdk/2.2.0/src/rp2_common/pico_runtime_init/runtime_init_clocks.c.obj
                0x1000458c                runtime_init_clocks
 .text.__rp2350_dcp_engaged_state_save_restore
                0x10004668       0x3a CMakeFiles/univibe_rp2350_dma.dir/C_/Users/devx/.pico-sdk/sdk/2.2.0/src/rp2_common/pico_double/double_aeabi_dcp.S.obj
 *fill*         0x100046a2        0x2 
 .text.__wrap___aeabi_dadd
                0x100046a4       0x28 CMakeFiles/univibe_rp2350_dma.dir/C_/Users/devx/.pico-sdk/sdk/2.2.0/src/rp2_common/pico_double/double_aeabi_dcp.S.obj
                0x100046ac                __wrap___aeabi_dadd
 .text.__wrap___aeabi_dsub
                0x100046cc       0x28 CMakeFiles/univibe_rp2350_dma.dir/C_/Users/devx/.pico-sdk/sdk/2.2.0/src/rp2_common/pico_double/double_aeabi_dcp.S.obj
                0x100046d4                __wrap___aeabi_dsub
 .text.__wrap___aeabi_dmul
                0x100046f4       0x4c CMakeFiles/univibe_rp2350_dma.dir/C_/Users/devx/.pico-sdk/sdk/2.2.0/src/rp2_common/pico_double/double_aeabi_dcp.S.obj
                0x100046fc                __wrap___aeabi_dmul
 .text.__wrap___aeabi_ddiv
                0x10004740       0x9c CMakeFiles/univibe_rp2350_dma.dir/C_/Users/devx/.pico-sdk/sdk/2.2.0/src/rp2_common/pico_double/double_aeabi_dcp.S.obj
                0x10004748                __wrap___aeabi_ddiv
 .text.__wrap___aeabi_i2d
                0x100047dc       0x24 CMakeFiles/univibe_rp2350_dma.dir/C_/Users/devx/.pico-sdk/sdk/2.2.0/src/rp2_common/pico_double/double_aeabi_dcp.S.obj
                0x100047e4                int2double
                0x100047e4                __wrap___aeabi_i2d
 .text.__wrap___aeabi_ui2d
                0x10004800       0x24 CMakeFiles/univibe_rp2350_dma.dir/C_/Users/devx/.pico-sdk/sdk/2.2.0/src/rp2_common/pico_double/double_aeabi_dcp.S.obj
                0x10004808                uint2double
                0x10004808                __wrap___aeabi_ui2d
 .text.__wrap___aeabi_d2iz
                0x10004824       0x24 CMakeFiles/univibe_rp2350_dma.dir/C_/Users/devx/.pico-sdk/sdk/2.2.0/src/rp2_common/pico_double/double_aeabi_dcp.S.obj
                0x1000482c                double2int_z
                0x1000482c                __wrap___aeabi_d2iz
 .text.__wrap___aeabi_d2uiz
                0x10004848       0x24 CMakeFiles/univibe_rp2350_dma.dir/C_/Users/devx/.pico-sdk/sdk/2.2.0/src/rp2_common/pico_double/double_aeabi_dcp.S.obj
                0x10004850                double2uint
                0x10004850                __wrap___aeabi_d2uiz
                0x10004850                double2uint_z
 .text.__wrap___aeabi_dcmpun
                0x1000486c       0x24 CMakeFiles/univibe_rp2350_dma.dir/C_/Users/devx/.pico-sdk/sdk/2.2.0/src/rp2_common/pico_double/double_aeabi_dcp.S.obj
                0x10004874                __wrap___aeabi_dcmpun
 .text.__wrap___aeabi_dcmplt
                0x10004890       0x28 CMakeFiles/univibe_rp2350_dma.dir/C_/Users/devx/.pico-sdk/sdk/2.2.0/src/rp2_common/pico_double/double_aeabi_dcp.S.obj
                0x10004898                __wrap___aeabi_dcmplt
 .text.__wrap___aeabi_dcmple
                0x100048b8       0x28 CMakeFiles/univibe_rp2350_dma.dir/C_/Users/devx/.pico-sdk/sdk/2.2.0/src/rp2_common/pico_double/double_aeabi_dcp.S.obj
                0x100048c0                __wrap___aeabi_dcmple
 .text.__wrap___aeabi_dcmpge
                0x100048e0       0x28 CMakeFiles/univibe_rp2350_dma.dir/C_/Users/devx/.pico-sdk/sdk/2.2.0/src/rp2_common/pico_double/double_aeabi_dcp.S.obj
                0x100048e8                __wrap___aeabi_dcmpge
 .text.__wrap___aeabi_dcmpgt
                0x10004908       0x28 CMakeFiles/univibe_rp2350_dma.dir/C_/Users/devx/.pico-sdk/sdk/2.2.0/src/rp2_common/pico_double/double_aeabi_dcp.S.obj
                0x10004910                __wrap___aeabi_dcmpgt
 .text.__wrap_expf
                0x10004930      0x15c CMakeFiles/univibe_rp2350_dma.dir/C_/Users/devx/.pico-sdk/sdk/2.2.0/src/rp2_common/pico_float/float_sci_m33_vfp.S.obj
                0x10004930                __wrap_expf
 .text._out_null
                0x10004a8c        0x4 CMakeFiles/univibe_rp2350_dma.dir/C_/Users/devx/.pico-sdk/sdk/2.2.0/src/rp2_common/pico_printf/printf.c.obj
 .text._out_rev
                0x10004a90       0x88 CMakeFiles/univibe_rp2350_dma.dir/C_/Users/devx/.pico-sdk/sdk/2.2.0/src/rp2_common/pico_printf/printf.c.obj
 .text._ntoa_format
                0x10004b18      0x1e8 CMakeFiles/univibe_rp2350_dma.dir/C_/Users/devx/.pico-sdk/sdk/2.2.0/src/rp2_common/pico_printf/printf.c.obj
 .text._out_char
                0x10004d00        0x8 CMakeFiles/univibe_rp2350_dma.dir/C_/Users/devx/.pico-sdk/sdk/2.2.0/src/rp2_common/pico_printf/printf.c.obj
 .text._out_fct
                0x10004d08        0xc CMakeFiles/univibe_rp2350_dma.dir/C_/Users/devx/.pico-sdk/sdk/2.2.0/src/rp2_common/pico_printf/printf.c.obj
 *fill*         0x10004d14        0x4 
 .text._etoa    0x10004d18      0x460 CMakeFiles/univibe_rp2350_dma.dir/C_/Users/devx/.pico-sdk/sdk/2.2.0/src/rp2_common/pico_printf/printf.c.obj
 .text._ftoa    0x10005178      0x3d8 CMakeFiles/univibe_rp2350_dma.dir/C_/Users/devx/.pico-sdk/sdk/2.2.0/src/rp2_common/pico_printf/printf.c.obj
 .text._vsnprintf
                0x10005550      0x9c8 CMakeFiles/univibe_rp2350_dma.dir/C_/Users/devx/.pico-sdk/sdk/2.2.0/src/rp2_common/pico_printf/printf.c.obj
 .text.vfctprintf
                0x10005f18       0x28 CMakeFiles/univibe_rp2350_dma.dir/C_/Users/devx/.pico-sdk/sdk/2.2.0/src/rp2_common/pico_printf/printf.c.obj
                0x10005f18                vfctprintf
 .text.weak_raw_vprintf
                0x10005f40       0x30 CMakeFiles/univibe_rp2350_dma.dir/C_/Users/devx/.pico-sdk/sdk/2.2.0/src/rp2_common/pico_printf/printf.c.obj
                0x10005f40                weak_raw_vprintf
 .text._exit    0x10005f70        0x4 CMakeFiles/univibe_rp2350_dma.dir/C_/Users/devx/.pico-sdk/sdk/2.2.0/src/rp2_common/pico_clib_interface/newlib_interface.c.obj
                0x10005f70                _exit
 .text.exit     0x10005f74        0x8 CMakeFiles/univibe_rp2350_dma.dir/C_/Users/devx/.pico-sdk/sdk/2.2.0/src/rp2_common/pico_clib_interface/newlib_interface.c.obj
                0x10005f74                exit
 .text.runtime_init
                0x10005f7c       0x24 CMakeFiles/univibe_rp2350_dma.dir/C_/Users/devx/.pico-sdk/sdk/2.2.0/src/rp2_common/pico_clib_interface/newlib_interface.c.obj
                0x10005f7c                runtime_init
 .text.stdio_out_chars_no_crlf
                0x10005fa0        0x8 CMakeFiles/univibe_rp2350_dma.dir/C_/Users/devx/.pico-sdk/sdk/2.2.0/src/rp2_common/pico_stdio/stdio.c.obj
 .text.stdio_out_chars_crlf
                0x10005fa8       0xac CMakeFiles/univibe_rp2350_dma.dir/C_/Users/devx/.pico-sdk/sdk/2.2.0/src/rp2_common/pico_stdio/stdio.c.obj
 .text.stdio_buffered_printer
                0x10006054       0x60 CMakeFiles/univibe_rp2350_dma.dir/C_/Users/devx/.pico-sdk/sdk/2.2.0/src/rp2_common/pico_stdio/stdio.c.obj
 .text.stdio_put_string
                0x100060b4       0xe8 CMakeFiles/univibe_rp2350_dma.dir/C_/Users/devx/.pico-sdk/sdk/2.2.0/src/rp2_common/pico_stdio/stdio.c.obj
                0x100060b4                stdio_put_string
 .text.stdio_set_driver_enabled
                0x1000619c       0x28 CMakeFiles/univibe_rp2350_dma.dir/C_/Users/devx/.pico-sdk/sdk/2.2.0/src/rp2_common/pico_stdio/stdio.c.obj
                0x1000619c                stdio_set_driver_enabled
 .text.stdio_init_all
                0x100061c4        0x4 CMakeFiles/univibe_rp2350_dma.dir/C_/Users/devx/.pico-sdk/sdk/2.2.0/src/rp2_common/pico_stdio/stdio.c.obj
                0x100061c4                stdio_init_all
 .text.__wrap_putchar
                0x100061c8       0x7c CMakeFiles/univibe_rp2350_dma.dir/C_/Users/devx/.pico-sdk/sdk/2.2.0/src/rp2_common/pico_stdio/stdio.c.obj
                0x100061c8                __wrap_putchar
                0x100061c8                stdio_putchar
 .text.__wrap_puts
                0x10006244       0x3c CMakeFiles/univibe_rp2350_dma.dir/C_/Users/devx/.pico-sdk/sdk/2.2.0/src/rp2_common/pico_stdio/stdio.c.obj
                0x10006244                stdio_puts
                0x10006244                __wrap_puts
 .text.__wrap_vprintf
                0x10006280       0xc0 CMakeFiles/univibe_rp2350_dma.dir/C_/Users/devx/.pico-sdk/sdk/2.2.0/src/rp2_common/pico_stdio/stdio.c.obj
                0x10006280                stdio_vprintf
                0x10006280                __wrap_vprintf
 .text.__wrap_printf
                0x10006340       0x1c CMakeFiles/univibe_rp2350_dma.dir/C_/Users/devx/.pico-sdk/sdk/2.2.0/src/rp2_common/pico_stdio/stdio.c.obj
                0x10006340                __wrap_printf
                0x10006340                stdio_printf
 .text.resetd_init
                0x1000635c        0x4 CMakeFiles/univibe_rp2350_dma.dir/C_/Users/devx/.pico-sdk/sdk/2.2.0/src/rp2_common/pico_stdio_usb/reset_interface.c.obj
 .text.resetd_reset
                0x10006360        0xc CMakeFiles/univibe_rp2350_dma.dir/C_/Users/devx/.pico-sdk/sdk/2.2.0/src/rp2_common/pico_stdio_usb/reset_interface.c.obj
 .text.resetd_open
                0x1000636c       0x28 CMakeFiles/univibe_rp2350_dma.dir/C_/Users/devx/.pico-sdk/sdk/2.2.0/src/rp2_common/pico_stdio_usb/reset_interface.c.obj
 .text.resetd_xfer_cb
                0x10006394        0x4 CMakeFiles/univibe_rp2350_dma.dir/C_/Users/devx/.pico-sdk/sdk/2.2.0/src/rp2_common/pico_stdio_usb/reset_interface.c.obj
 .text.resetd_control_xfer_cb
                0x10006398       0x54 CMakeFiles/univibe_rp2350_dma.dir/C_/Users/devx/.pico-sdk/sdk/2.2.0/src/rp2_common/pico_stdio_usb/reset_interface.c.obj
 .text.tud_descriptor_bos_cb
                0x100063ec        0x8 CMakeFiles/univibe_rp2350_dma.dir/C_/Users/devx/.pico-sdk/sdk/2.2.0/src/rp2_common/pico_stdio_usb/reset_interface.c.obj
                0x100063ec                tud_descriptor_bos_cb
 .text.tud_vendor_control_xfer_cb
                0x100063f4       0x28 CMakeFiles/univibe_rp2350_dma.dir/C_/Users/devx/.pico-sdk/sdk/2.2.0/src/rp2_common/pico_stdio_usb/reset_interface.c.obj
                0x100063f4                tud_vendor_control_xfer_cb
 .text.usbd_app_driver_get_cb
                0x1000641c       0x10 CMakeFiles/univibe_rp2350_dma.dir/C_/Users/devx/.pico-sdk/sdk/2.2.0/src/rp2_common/pico_stdio_usb/reset_interface.c.obj
                0x1000641c                usbd_app_driver_get_cb
 .text.tud_cdc_line_coding_cb
                0x1000642c       0x18 CMakeFiles/univibe_rp2350_dma.dir/C_/Users/devx/.pico-sdk/sdk/2.2.0/src/rp2_common/pico_stdio_usb/reset_interface.c.obj
                0x1000642c                tud_cdc_line_coding_cb
 .text.stdio_usb_set_chars_available_callback
                0x10006444       0x14 CMakeFiles/univibe_rp2350_dma.dir/C_/Users/devx/.pico-sdk/sdk/2.2.0/src/rp2_common/pico_stdio_usb/stdio_usb.c.obj
                0x10006444                stdio_usb_set_chars_available_callback
 .text.timer_task
                0x10006458       0x70 CMakeFiles/univibe_rp2350_dma.dir/C_/Users/devx/.pico-sdk/sdk/2.2.0/src/rp2_common/pico_stdio_usb/stdio_usb.c.obj
 .text.usb_irq  0x100064c8        0xc CMakeFiles/univibe_rp2350_dma.dir/C_/Users/devx/.pico-sdk/sdk/2.2.0/src/rp2_common/pico_stdio_usb/stdio_usb.c.obj
 .text.stdio_usb_in_chars
                0x100064d4       0x84 CMakeFiles/univibe_rp2350_dma.dir/C_/Users/devx/.pico-sdk/sdk/2.2.0/src/rp2_common/pico_stdio_usb/stdio_usb.c.obj
                0x100064d4                stdio_usb_in_chars
 .text.stdio_usb_out_flush
                0x10006558       0x4c CMakeFiles/univibe_rp2350_dma.dir/C_/Users/devx/.pico-sdk/sdk/2.2.0/src/rp2_common/pico_stdio_usb/stdio_usb.c.obj
 .text.stdio_usb_out_chars
                0x100065a4       0xf0 CMakeFiles/univibe_rp2350_dma.dir/C_/Users/devx/.pico-sdk/sdk/2.2.0/src/rp2_common/pico_stdio_usb/stdio_usb.c.obj
 .text.low_priority_worker_irq
                0x10006694       0xc8 CMakeFiles/univibe_rp2350_dma.dir/C_/Users/devx/.pico-sdk/sdk/2.2.0/src/rp2_common/pico_stdio_usb/stdio_usb.c.obj
 .text.stdio_usb_init
                0x1000675c       0xdc CMakeFiles/univibe_rp2350_dma.dir/C_/Users/devx/.pico-sdk/sdk/2.2.0/src/rp2_common/pico_stdio_usb/stdio_usb.c.obj
                0x1000675c                stdio_usb_init
 .text.tud_descriptor_device_cb
                0x10006838        0x8 CMakeFiles/univibe_rp2350_dma.dir/C_/Users/devx/.pico-sdk/sdk/2.2.0/src/rp2_common/pico_stdio_usb/stdio_usb_descriptors.c.obj
                0x10006838                tud_descriptor_device_cb
 .text.tud_descriptor_configuration_cb
                0x10006840        0x8 CMakeFiles/univibe_rp2350_dma.dir/C_/Users/devx/.pico-sdk/sdk/2.2.0/src/rp2_common/pico_stdio_usb/stdio_usb_descriptors.c.obj
                0x10006840                tud_descriptor_configuration_cb
 .text.tud_descriptor_string_cb
                0x10006848       0x78 CMakeFiles/univibe_rp2350_dma.dir/C_/Users/devx/.pico-sdk/sdk/2.2.0/src/rp2_common/pico_stdio_usb/stdio_usb_descriptors.c.obj
                0x10006848                tud_descriptor_string_cb
 .text.startup._retrieve_unique_id_on_boot
                0x100068c0       0x30 CMakeFiles/univibe_rp2350_dma.dir/C_/Users/devx/.pico-sdk/sdk/2.2.0/src/rp2_common/pico_unique_id/unique_id.c.obj
 .text.pico_get_unique_board_id_string
                0x100068f0      0x180 CMakeFiles/univibe_rp2350_dma.dir/C_/Users/devx/.pico-sdk/sdk/2.2.0/src/rp2_common/pico_unique_id/unique_id.c.obj
                0x100068f0                pico_get_unique_board_id_string
 .text.dcd_init
                0x10006a70       0x94 CMakeFiles/univibe_rp2350_dma.dir/C_/Users/devx/.pico-sdk/sdk/2.2.0/lib/tinyusb/src/portable/raspberrypi/rp2040/dcd_rp2040.c.obj
                0x10006a70                dcd_init
 .text.dcd_int_enable
                0x10006b04        0x8 CMakeFiles/univibe_rp2350_dma.dir/C_/Users/devx/.pico-sdk/sdk/2.2.0/lib/tinyusb/src/portable/raspberrypi/rp2040/dcd_rp2040.c.obj
                0x10006b04                dcd_int_enable
 .text.dcd_set_address
                0x10006b0c       0x10 CMakeFiles/univibe_rp2350_dma.dir/C_/Users/devx/.pico-sdk/sdk/2.2.0/lib/tinyusb/src/portable/raspberrypi/rp2040/dcd_rp2040.c.obj
                0x10006b0c                dcd_set_address
 .text.dcd_sof_enable
                0x10006b1c       0x1c CMakeFiles/univibe_rp2350_dma.dir/C_/Users/devx/.pico-sdk/sdk/2.2.0/lib/tinyusb/src/portable/raspberrypi/rp2040/dcd_rp2040.c.obj
                0x10006b1c                dcd_sof_enable
 .text.dcd_edpt0_status_complete
                0x10006b38       0x1c CMakeFiles/univibe_rp2350_dma.dir/C_/Users/devx/.pico-sdk/sdk/2.2.0/lib/tinyusb/src/portable/raspberrypi/rp2040/dcd_rp2040.c.obj
                0x10006b38                dcd_edpt0_status_complete
 .text.dcd_edpt_open
                0x10006b54      0x110 CMakeFiles/univibe_rp2350_dma.dir/C_/Users/devx/.pico-sdk/sdk/2.2.0/lib/tinyusb/src/portable/raspberrypi/rp2040/dcd_rp2040.c.obj
                0x10006b54                dcd_edpt_open
 .text.dcd_edpt_close_all
                0x10006c64        0x4 CMakeFiles/univibe_rp2350_dma.dir/C_/Users/devx/.pico-sdk/sdk/2.2.0/lib/tinyusb/src/portable/raspberrypi/rp2040/dcd_rp2040.c.obj
                0x10006c64                dcd_edpt_close_all
 .text.dcd_edpt_xfer
                0x10006c68       0x28 CMakeFiles/univibe_rp2350_dma.dir/C_/Users/devx/.pico-sdk/sdk/2.2.0/lib/tinyusb/src/portable/raspberrypi/rp2040/dcd_rp2040.c.obj
                0x10006c68                dcd_edpt_xfer
 .text.dcd_edpt_stall
                0x10006c90       0x30 CMakeFiles/univibe_rp2350_dma.dir/C_/Users/devx/.pico-sdk/sdk/2.2.0/lib/tinyusb/src/portable/raspberrypi/rp2040/dcd_rp2040.c.obj
                0x10006c90                dcd_edpt_stall
 .text.dcd_edpt_clear_stall
                0x10006cc0       0x2c CMakeFiles/univibe_rp2350_dma.dir/C_/Users/devx/.pico-sdk/sdk/2.2.0/lib/tinyusb/src/portable/raspberrypi/rp2040/dcd_rp2040.c.obj
                0x10006cc0                dcd_edpt_clear_stall
 .text.rp2040_usb_init
                0x10006cec       0x40 CMakeFiles/univibe_rp2350_dma.dir/C_/Users/devx/.pico-sdk/sdk/2.2.0/lib/tinyusb/src/portable/raspberrypi/rp2040/rp2040_usb.c.obj
                0x10006cec                rp2040_usb_init
 .text.hw_endpoint_xfer_start
                0x10006d2c       0x4c CMakeFiles/univibe_rp2350_dma.dir/C_/Users/devx/.pico-sdk/sdk/2.2.0/lib/tinyusb/src/portable/raspberrypi/rp2040/rp2040_usb.c.obj
                0x10006d2c                hw_endpoint_xfer_start
 .text.configuration_reset
                0x10006d78       0x8c CMakeFiles/univibe_rp2350_dma.dir/C_/Users/devx/.pico-sdk/sdk/2.2.0/lib/tinyusb/src/device/usbd.c.obj
 .text.tud_event_hook_cb
                0x10006e04        0x4 CMakeFiles/univibe_rp2350_dma.dir/C_/Users/devx/.pico-sdk/sdk/2.2.0/lib/tinyusb/src/device/usbd.c.obj
                0x10006e04                tud_event_hook_cb
 .text.tud_sof_cb
                0x10006e08        0x4 CMakeFiles/univibe_rp2350_dma.dir/C_/Users/devx/.pico-sdk/sdk/2.2.0/lib/tinyusb/src/device/usbd.c.obj
                0x10006e08                tud_sof_cb
 .text.tud_descriptor_device_qualifier_cb
                0x10006e0c        0x4 CMakeFiles/univibe_rp2350_dma.dir/C_/Users/devx/.pico-sdk/sdk/2.2.0/lib/tinyusb/src/device/usbd.c.obj
                0x10006e0c                tud_descriptor_device_qualifier_cb
 .text.tud_descriptor_other_speed_configuration_cb
                0x10006e10        0x4 CMakeFiles/univibe_rp2350_dma.dir/C_/Users/devx/.pico-sdk/sdk/2.2.0/lib/tinyusb/src/device/usbd.c.obj
                0x10006e10                tud_descriptor_other_speed_configuration_cb
 .text.tud_mount_cb
                0x10006e14        0x4 CMakeFiles/univibe_rp2350_dma.dir/C_/Users/devx/.pico-sdk/sdk/2.2.0/lib/tinyusb/src/device/usbd.c.obj
                0x10006e14                tud_mount_cb
 .text.tud_umount_cb
                0x10006e18        0x4 CMakeFiles/univibe_rp2350_dma.dir/C_/Users/devx/.pico-sdk/sdk/2.2.0/lib/tinyusb/src/device/usbd.c.obj
                0x10006e18                tud_umount_cb
 .text.tud_suspend_cb
                0x10006e1c        0x4 CMakeFiles/univibe_rp2350_dma.dir/C_/Users/devx/.pico-sdk/sdk/2.2.0/lib/tinyusb/src/device/usbd.c.obj
                0x10006e1c                tud_suspend_cb
 .text.tud_resume_cb
                0x10006e20        0x4 CMakeFiles/univibe_rp2350_dma.dir/C_/Users/devx/.pico-sdk/sdk/2.2.0/lib/tinyusb/src/device/usbd.c.obj
                0x10006e20                tud_resume_cb
 .text.tud_mounted
                0x10006e24       0x10 CMakeFiles/univibe_rp2350_dma.dir/C_/Users/devx/.pico-sdk/sdk/2.2.0/lib/tinyusb/src/device/usbd.c.obj
                0x10006e24                tud_mounted
 .text.tud_suspended
                0x10006e34       0x10 CMakeFiles/univibe_rp2350_dma.dir/C_/Users/devx/.pico-sdk/sdk/2.2.0/lib/tinyusb/src/device/usbd.c.obj
                0x10006e34                tud_suspended
 .text.tud_rhport_init
                0x10006e44      0x110 CMakeFiles/univibe_rp2350_dma.dir/C_/Users/devx/.pico-sdk/sdk/2.2.0/lib/tinyusb/src/device/usbd.c.obj
                0x10006e44                tud_rhport_init
 .text.tud_task_ext
                0x10006f54      0x7a4 CMakeFiles/univibe_rp2350_dma.dir/C_/Users/devx/.pico-sdk/sdk/2.2.0/lib/tinyusb/src/device/usbd.c.obj
                0x10006f54                tud_task_ext
 .text.usbd_open_edpt_pair
                0x100076f8       0x9c CMakeFiles/univibe_rp2350_dma.dir/C_/Users/devx/.pico-sdk/sdk/2.2.0/lib/tinyusb/src/device/usbd.c.obj
                0x100076f8                usbd_open_edpt_pair
 .text.usbd_edpt_open
                0x10007794       0x44 CMakeFiles/univibe_rp2350_dma.dir/C_/Users/devx/.pico-sdk/sdk/2.2.0/lib/tinyusb/src/device/usbd.c.obj
                0x10007794                usbd_edpt_open
 .text.usbd_edpt_claim
                0x100077d8       0x24 CMakeFiles/univibe_rp2350_dma.dir/C_/Users/devx/.pico-sdk/sdk/2.2.0/lib/tinyusb/src/device/usbd.c.obj
                0x100077d8                usbd_edpt_claim
 .text.usbd_edpt_release
                0x100077fc       0x24 CMakeFiles/univibe_rp2350_dma.dir/C_/Users/devx/.pico-sdk/sdk/2.2.0/lib/tinyusb/src/device/usbd.c.obj
                0x100077fc                usbd_edpt_release
 .text.usbd_edpt_xfer
                0x10007820       0x70 CMakeFiles/univibe_rp2350_dma.dir/C_/Users/devx/.pico-sdk/sdk/2.2.0/lib/tinyusb/src/device/usbd.c.obj
                0x10007820                usbd_edpt_xfer
 .text.tud_control_status
                0x10007890       0x34 CMakeFiles/univibe_rp2350_dma.dir/C_/Users/devx/.pico-sdk/sdk/2.2.0/lib/tinyusb/src/device/usbd_control.c.obj
                0x10007890                tud_control_status
 .text.tud_control_xfer
                0x100078c4       0xcc CMakeFiles/univibe_rp2350_dma.dir/C_/Users/devx/.pico-sdk/sdk/2.2.0/lib/tinyusb/src/device/usbd_control.c.obj
                0x100078c4                tud_control_xfer
 .text.usbd_control_reset
                0x10007990       0x14 CMakeFiles/univibe_rp2350_dma.dir/C_/Users/devx/.pico-sdk/sdk/2.2.0/lib/tinyusb/src/device/usbd_control.c.obj
                0x10007990                usbd_control_reset
 .text.usbd_control_set_complete_callback
                0x100079a4        0xc CMakeFiles/univibe_rp2350_dma.dir/C_/Users/devx/.pico-sdk/sdk/2.2.0/lib/tinyusb/src/device/usbd_control.c.obj
                0x100079a4                usbd_control_set_complete_callback
 .text.usbd_control_set_request
                0x100079b0       0x1c CMakeFiles/univibe_rp2350_dma.dir/C_/Users/devx/.pico-sdk/sdk/2.2.0/lib/tinyusb/src/device/usbd_control.c.obj
                0x100079b0                usbd_control_set_request
 .text.usbd_control_xfer_cb
                0x100079cc      0x110 CMakeFiles/univibe_rp2350_dma.dir/C_/Users/devx/.pico-sdk/sdk/2.2.0/lib/tinyusb/src/device/usbd_control.c.obj
                0x100079cc                usbd_control_xfer_cb
 .text._prep_out_transaction.isra.0
                0x10007adc       0x78 CMakeFiles/univibe_rp2350_dma.dir/C_/Users/devx/.pico-sdk/sdk/2.2.0/lib/tinyusb/src/class/cdc/cdc_device.c.obj
 .text.tud_cdc_n_connected
                0x10007b54       0x2c CMakeFiles/univibe_rp2350_dma.dir/C_/Users/devx/.pico-sdk/sdk/2.2.0/lib/tinyusb/src/class/cdc/cdc_device.c.obj
                0x10007b54                tud_cdc_n_connected
 .text.tud_cdc_n_available
                0x10007b80       0x18 CMakeFiles/univibe_rp2350_dma.dir/C_/Users/devx/.pico-sdk/sdk/2.2.0/lib/tinyusb/src/class/cdc/cdc_device.c.obj
                0x10007b80                tud_cdc_n_available
 .text.tud_cdc_n_read
                0x10007b98       0x90 CMakeFiles/univibe_rp2350_dma.dir/C_/Users/devx/.pico-sdk/sdk/2.2.0/lib/tinyusb/src/class/cdc/cdc_device.c.obj
                0x10007b98                tud_cdc_n_read
 .text.tud_cdc_n_write_flush
                0x10007c28       0x88 CMakeFiles/univibe_rp2350_dma.dir/C_/Users/devx/.pico-sdk/sdk/2.2.0/lib/tinyusb/src/class/cdc/cdc_device.c.obj
                0x10007c28                tud_cdc_n_write_flush
 .text.tud_cdc_n_write
                0x10007cb0       0x48 CMakeFiles/univibe_rp2350_dma.dir/C_/Users/devx/.pico-sdk/sdk/2.2.0/lib/tinyusb/src/class/cdc/cdc_device.c.obj
                0x10007cb0                tud_cdc_n_write
 .text.tud_cdc_n_write_available
                0x10007cf8       0x18 CMakeFiles/univibe_rp2350_dma.dir/C_/Users/devx/.pico-sdk/sdk/2.2.0/lib/tinyusb/src/class/cdc/cdc_device.c.obj
                0x10007cf8                tud_cdc_n_write_available
 .text.cdcd_init
                0x10007d10       0x70 CMakeFiles/univibe_rp2350_dma.dir/C_/Users/devx/.pico-sdk/sdk/2.2.0/lib/tinyusb/src/class/cdc/cdc_device.c.obj
                0x10007d10                cdcd_init
 .text.cdcd_deinit
                0x10007d80       0x20 CMakeFiles/univibe_rp2350_dma.dir/C_/Users/devx/.pico-sdk/sdk/2.2.0/lib/tinyusb/src/class/cdc/cdc_device.c.obj
                0x10007d80                cdcd_deinit
 .text.cdcd_reset
                0x10007da0       0x4c CMakeFiles/univibe_rp2350_dma.dir/C_/Users/devx/.pico-sdk/sdk/2.2.0/lib/tinyusb/src/class/cdc/cdc_device.c.obj
                0x10007da0                cdcd_reset
 .text.cdcd_open
                0x10007dec       0xbc CMakeFiles/univibe_rp2350_dma.dir/C_/Users/devx/.pico-sdk/sdk/2.2.0/lib/tinyusb/src/class/cdc/cdc_device.c.obj
                0x10007dec                cdcd_open
 .text.cdcd_control_xfer_cb
                0x10007ea8       0xc8 CMakeFiles/univibe_rp2350_dma.dir/C_/Users/devx/.pico-sdk/sdk/2.2.0/lib/tinyusb/src/class/cdc/cdc_device.c.obj
                0x10007ea8                cdcd_control_xfer_cb
 .text.cdcd_xfer_cb
                0x10007f70      0x100 CMakeFiles/univibe_rp2350_dma.dir/C_/Users/devx/.pico-sdk/sdk/2.2.0/lib/tinyusb/src/class/cdc/cdc_device.c.obj
                0x10007f70                cdcd_xfer_cb
 .text.vendord_init
                0x10008070       0x5c CMakeFiles/univibe_rp2350_dma.dir/C_/Users/devx/.pico-sdk/sdk/2.2.0/lib/tinyusb/src/class/vendor/vendor_device.c.obj
                0x10008070                vendord_init
 .text.vendord_deinit
                0x100080cc       0x1c CMakeFiles/univibe_rp2350_dma.dir/C_/Users/devx/.pico-sdk/sdk/2.2.0/lib/tinyusb/src/class/vendor/vendor_device.c.obj
                0x100080cc                vendord_deinit
 .text.vendord_reset
                0x100080e8       0x24 CMakeFiles/univibe_rp2350_dma.dir/C_/Users/devx/.pico-sdk/sdk/2.2.0/lib/tinyusb/src/class/vendor/vendor_device.c.obj
                0x100080e8                vendord_reset
 .text.vendord_open
                0x1000810c       0xfc CMakeFiles/univibe_rp2350_dma.dir/C_/Users/devx/.pico-sdk/sdk/2.2.0/lib/tinyusb/src/class/vendor/vendor_device.c.obj
                0x1000810c                vendord_open
 .text.vendord_xfer_cb
                0x10008208       0x8c CMakeFiles/univibe_rp2350_dma.dir/C_/Users/devx/.pico-sdk/sdk/2.2.0/lib/tinyusb/src/class/vendor/vendor_device.c.obj
                0x10008208                vendord_xfer_cb
 .text.tusb_rhport_init
                0x10008294       0x74 CMakeFiles/univibe_rp2350_dma.dir/C_/Users/devx/.pico-sdk/sdk/2.2.0/lib/tinyusb/src/tusb.c.obj
                0x10008294                tusb_rhport_init
 .text.tu_edpt_claim
                0x10008308       0x54 CMakeFiles/univibe_rp2350_dma.dir/C_/Users/devx/.pico-sdk/sdk/2.2.0/lib/tinyusb/src/tusb.c.obj
                0x10008308                tu_edpt_claim
 .text.tu_edpt_release
                0x1000835c       0x38 CMakeFiles/univibe_rp2350_dma.dir/C_/Users/devx/.pico-sdk/sdk/2.2.0/lib/tinyusb/src/tusb.c.obj
                0x1000835c                tu_edpt_release
 .text.tu_edpt_validate
                0x10008394       0x68 CMakeFiles/univibe_rp2350_dma.dir/C_/Users/devx/.pico-sdk/sdk/2.2.0/lib/tinyusb/src/tusb.c.obj
                0x10008394                tu_edpt_validate
 .text.tu_edpt_bind_driver
                0x100083fc       0x58 CMakeFiles/univibe_rp2350_dma.dir/C_/Users/devx/.pico-sdk/sdk/2.2.0/lib/tinyusb/src/tusb.c.obj
                0x100083fc                tu_edpt_bind_driver
 .text.tu_edpt_stream_init
                0x10008454       0x58 CMakeFiles/univibe_rp2350_dma.dir/C_/Users/devx/.pico-sdk/sdk/2.2.0/lib/tinyusb/src/tusb.c.obj
                0x10008454                tu_edpt_stream_init
 .text.tu_edpt_stream_deinit
                0x100084ac        0x4 CMakeFiles/univibe_rp2350_dma.dir/C_/Users/devx/.pico-sdk/sdk/2.2.0/lib/tinyusb/src/tusb.c.obj
                0x100084ac                tu_edpt_stream_deinit
 .text.tu_edpt_stream_write_zlp_if_needed
                0x100084b0       0x68 CMakeFiles/univibe_rp2350_dma.dir/C_/Users/devx/.pico-sdk/sdk/2.2.0/lib/tinyusb/src/tusb.c.obj
                0x100084b0                tu_edpt_stream_write_zlp_if_needed
 .text.tu_edpt_stream_write_xfer
                0x10008518       0x74 CMakeFiles/univibe_rp2350_dma.dir/C_/Users/devx/.pico-sdk/sdk/2.2.0/lib/tinyusb/src/tusb.c.obj
                0x10008518                tu_edpt_stream_write_xfer
 .text.tu_edpt_stream_read_xfer
                0x1000858c       0xd4 CMakeFiles/univibe_rp2350_dma.dir/C_/Users/devx/.pico-sdk/sdk/2.2.0/lib/tinyusb/src/tusb.c.obj
                0x1000858c                tu_edpt_stream_read_xfer
 .text.tu_fifo_config
                0x10008660       0x64 CMakeFiles/univibe_rp2350_dma.dir/C_/Users/devx/.pico-sdk/sdk/2.2.0/lib/tinyusb/src/common/tusb_fifo.c.obj
                0x10008660                tu_fifo_config
 .text.tu_fifo_count
                0x100086c4       0x20 CMakeFiles/univibe_rp2350_dma.dir/C_/Users/devx/.pico-sdk/sdk/2.2.0/lib/tinyusb/src/common/tusb_fifo.c.obj
                0x100086c4                tu_fifo_count
 .text.tu_fifo_empty
                0x100086e4       0x14 CMakeFiles/univibe_rp2350_dma.dir/C_/Users/devx/.pico-sdk/sdk/2.2.0/lib/tinyusb/src/common/tusb_fifo.c.obj
                0x100086e4                tu_fifo_empty
 .text.tu_fifo_remaining
                0x100086f8       0x24 CMakeFiles/univibe_rp2350_dma.dir/C_/Users/devx/.pico-sdk/sdk/2.2.0/lib/tinyusb/src/common/tusb_fifo.c.obj
                0x100086f8                tu_fifo_remaining
 .text.tu_fifo_read
                0x1000871c       0x94 CMakeFiles/univibe_rp2350_dma.dir/C_/Users/devx/.pico-sdk/sdk/2.2.0/lib/tinyusb/src/common/tusb_fifo.c.obj
                0x1000871c                tu_fifo_read
 .text.tu_fifo_read_n
                0x100087b0       0xd4 CMakeFiles/univibe_rp2350_dma.dir/C_/Users/devx/.pico-sdk/sdk/2.2.0/lib/tinyusb/src/common/tusb_fifo.c.obj
                0x100087b0                tu_fifo_read_n
 .text.tu_fifo_write
                0x10008884       0x84 CMakeFiles/univibe_rp2350_dma.dir/C_/Users/devx/.pico-sdk/sdk/2.2.0/lib/tinyusb/src/common/tusb_fifo.c.obj
                0x10008884                tu_fifo_write
 .text.tu_fifo_write_n
                0x10008908      0x15c CMakeFiles/univibe_rp2350_dma.dir/C_/Users/devx/.pico-sdk/sdk/2.2.0/lib/tinyusb/src/common/tusb_fifo.c.obj
                0x10008908                tu_fifo_write_n
 .text.tu_fifo_clear
                0x10008a64       0x38 CMakeFiles/univibe_rp2350_dma.dir/C_/Users/devx/.pico-sdk/sdk/2.2.0/lib/tinyusb/src/common/tusb_fifo.c.obj
                0x10008a64                tu_fifo_clear
 .text.tu_fifo_set_overwritable
                0x10008a9c       0x3c CMakeFiles/univibe_rp2350_dma.dir/C_/Users/devx/.pico-sdk/sdk/2.2.0/lib/tinyusb/src/common/tusb_fifo.c.obj
                0x10008a9c                tu_fifo_set_overwritable
 .text.pio_add_program
                0x10008ad8      0x108 CMakeFiles/univibe_rp2350_dma.dir/C_/Users/devx/.pico-sdk/sdk/2.2.0/src/rp2_common/hardware_pio/pio.c.obj
                0x10008ad8                pio_add_program
 .text.pio_sm_set_consecutive_pindirs
                0x10008be0       0x90 CMakeFiles/univibe_rp2350_dma.dir/C_/Users/devx/.pico-sdk/sdk/2.2.0/src/rp2_common/hardware_pio/pio.c.obj
                0x10008be0                pio_sm_set_consecutive_pindirs
 .text.pio_sm_init
                0x10008c70       0xa8 CMakeFiles/univibe_rp2350_dma.dir/C_/Users/devx/.pico-sdk/sdk/2.2.0/src/rp2_common/hardware_pio/pio.c.obj
                0x10008c70                pio_sm_init
 .text.dma_claim_unused_channel
                0x10008d18       0x20 CMakeFiles/univibe_rp2350_dma.dir/C_/Users/devx/.pico-sdk/sdk/2.2.0/src/rp2_common/hardware_dma/dma.c.obj
                0x10008d18                dma_claim_unused_channel
 .text.__errno  0x10008d38        0xc c:/progra~2/gnu arm embedded toolchain/10 2021.10/bin/../lib/gcc/arm-none-eabi/10.3.1/../../../../arm-none-eabi/lib/thumb/v8-m.main+fp/softfp\libg.a(lib_a-errno.o)
                0x10008d38                __errno
 .text          0x10008d44       0xec c:/progra~2/gnu arm embedded toolchain/10 2021.10/bin/../lib/gcc/arm-none-eabi/10.3.1/../../../../arm-none-eabi/lib/thumb/v8-m.main+fp/softfp\libg.a(lib_a-memcpy.o)
                0x10008d44                memcpy
 .text.memset   0x10008e30       0xa4 c:/progra~2/gnu arm embedded toolchain/10 2021.10/bin/../lib/gcc/arm-none-eabi/10.3.1/../../../../arm-none-eabi/lib/thumb/v8-m.main+fp/softfp\libg.a(lib_a-memset.o)
                0x10008e30                memset
 .text.strlen   0x10008ed4       0x5c c:/progra~2/gnu arm embedded toolchain/10 2021.10/bin/../lib/gcc/arm-none-eabi/10.3.1/../../../../arm-none-eabi/lib/thumb/v8-m.main+fp/softfp\libg.a(lib_a-strlen-stub.o)
                0x10008ed4                strlen
 *(.fini)
 .fini          0x10008f30        0x4 c:/progra~2/gnu arm embedded toolchain/10 2021.10/bin/../lib/gcc/arm-none-eabi/10.3.1/thumb/v8-m.main+fp/softfp/crti.o
                0x10008f30                _fini
 *fill*         0x10008f34        0x4 
 .fini.__stub   0x10008f38       0xc0 linker stubs
 *crtbegin.o(.ctors)
 *crtbegin?.o(.ctors)
 *(EXCLUDE_FILE(*crtend.o *crtend?.o) .ctors)
 *(SORT_BY_NAME(.ctors.*))
 *(.ctors)
 *crtbegin.o(.dtors)
 *crtbegin?.o(.dtors)
 *(EXCLUDE_FILE(*crtend.o *crtend?.o) .dtors)
 *(SORT_BY_NAME(.dtors.*))
 *(.dtors)
                0x10008ff8                . = ALIGN (0x4)
                0x10008ff8                PROVIDE (__preinit_array_start = .)
 *(SORT_BY_NAME(.preinit_array.*))
 .preinit_array.00050
                0x10008ff8        0x4 CMakeFiles/univibe_rp2350_dma.dir/C_/Users/devx/.pico-sdk/sdk/2.2.0/src/rp2_common/pico_runtime_init/runtime_init.c.obj
                0x10008ff8                __pre_init_runtime_init_bootrom_reset
 .preinit_array.00100
                0x10008ffc        0x4 CMakeFiles/univibe_rp2350_dma.dir/C_/Users/devx/.pico-sdk/sdk/2.2.0/src/rp2_common/pico_runtime_init/runtime_init.c.obj
                0x10008ffc                __pre_init_runtime_init_early_resets
 .preinit_array.00101
                0x10009000        0x4 CMakeFiles/univibe_rp2350_dma.dir/C_/Users/devx/.pico-sdk/sdk/2.2.0/src/rp2_common/pico_runtime_init/runtime_init.c.obj
                0x10009000                __pre_init_runtime_init_usb_power_down
 .preinit_array.00500
                0x10009004        0x4 CMakeFiles/univibe_rp2350_dma.dir/C_/Users/devx/.pico-sdk/sdk/2.2.0/src/rp2_common/pico_runtime_init/runtime_init.c.obj
                0x10009004                __pre_init_runtime_init_clocks
 .preinit_array.00600
                0x10009008        0x4 CMakeFiles/univibe_rp2350_dma.dir/C_/Users/devx/.pico-sdk/sdk/2.2.0/src/rp2_common/pico_runtime_init/runtime_init.c.obj
                0x10009008                __pre_init_runtime_init_post_clock_resets
 .preinit_array.01000
                0x1000900c        0x4 CMakeFiles/univibe_rp2350_dma.dir/C_/Users/devx/.pico-sdk/sdk/2.2.0/src/rp2_common/hardware_boot_lock/boot_lock.c.obj
                0x1000900c                __pre_init_runtime_init_boot_locks_reset
 .preinit_array.01000
                0x10009010        0x4 CMakeFiles/univibe_rp2350_dma.dir/C_/Users/devx/.pico-sdk/sdk/2.2.0/src/rp2_common/pico_runtime_init/runtime_init.c.obj
                0x10009010                __pre_init_runtime_init_spin_locks_reset
 .preinit_array.01010
                0x10009014        0x4 CMakeFiles/univibe_rp2350_dma.dir/C_/Users/devx/.pico-sdk/sdk/2.2.0/src/rp2_common/pico_bootrom/bootrom_lock.c.obj
                0x10009014                __pre_init_runtime_init_bootrom_locking_enable
 .preinit_array.01100
                0x10009018        0x4 CMakeFiles/univibe_rp2350_dma.dir/C_/Users/devx/.pico-sdk/sdk/2.2.0/src/common/pico_sync/mutex.c.obj
                0x10009018                __pre_init_runtime_init_mutex
 .preinit_array.10080
                0x1000901c        0x4 CMakeFiles/univibe_rp2350_dma.dir/C_/Users/devx/.pico-sdk/sdk/2.2.0/src/rp2_common/pico_runtime_init/runtime_init.c.obj
                0x1000901c                __pre_init_runtime_init_install_ram_vector_table
 .preinit_array.11000
                0x10009020        0x4 CMakeFiles/univibe_rp2350_dma.dir/C_/Users/devx/.pico-sdk/sdk/2.2.0/src/common/pico_time/time.c.obj
                0x10009020                __pre_init_runtime_init_default_alarm_pool
 .preinit_array.YYYYY
                0x10009024        0x4 CMakeFiles/univibe_rp2350_dma.dir/C_/Users/devx/.pico-sdk/sdk/2.2.0/src/rp2_common/pico_runtime/runtime.c.obj
                0x10009024                __pre_init_first_per_core_initializer
 .preinit_array.ZZZZZ.00051
                0x10009028        0x4 CMakeFiles/univibe_rp2350_dma.dir/C_/Users/devx/.pico-sdk/sdk/2.2.0/src/rp2_common/pico_runtime_init/runtime_init.c.obj
                0x10009028                __pre_init_runtime_init_per_core_bootrom_reset
 .preinit_array.ZZZZZ.00200
                0x1000902c        0x4 CMakeFiles/univibe_rp2350_dma.dir/C_/Users/devx/.pico-sdk/sdk/2.2.0/src/rp2_common/pico_runtime_init/runtime_init.c.obj
                0x1000902c                __pre_init_runtime_init_per_core_enable_coprocessors
 .preinit_array.ZZZZZ.01000
                0x10009030        0x4 CMakeFiles/univibe_rp2350_dma.dir/C_/Users/devx/.pico-sdk/sdk/2.2.0/src/rp2_common/hardware_sync_spin_lock/sync_spin_lock.c.obj
                0x10009030                __pre_init_spinlock_set_extexclall
 .preinit_array.ZZZZZ.01200
                0x10009034        0x4 CMakeFiles/univibe_rp2350_dma.dir/C_/Users/devx/.pico-sdk/sdk/2.2.0/src/rp2_common/hardware_irq/irq.c.obj
                0x10009034                __pre_init_runtime_init_per_core_irq_priorities
 *(.preinit_array)
                0x10009038                PROVIDE (__preinit_array_end = .)
                0x10009038                . = ALIGN (0x4)
                0x10009038                PROVIDE (__init_array_start = .)
 *(SORT_BY_NAME(.init_array.*))
 .init_array.01000
                0x10009038        0x4 CMakeFiles/univibe_rp2350_dma.dir/C_/Users/devx/.pico-sdk/sdk/2.2.0/src/rp2_common/pico_unique_id/unique_id.c.obj
 *(.init_array)
 .init_array    0x1000903c        0x4 c:/progra~2/gnu arm embedded toolchain/10 2021.10/bin/../lib/gcc/arm-none-eabi/10.3.1/thumb/v8-m.main+fp/softfp/crtbegin.o
 .init_array    0x10009040        0x4 CMakeFiles/univibe_rp2350_dma.dir/univibe_rp2350_dma.cpp.obj
                0x10009044                PROVIDE (__init_array_end = .)
                0x10009044                . = ALIGN (0x4)
                [!provide]                PROVIDE (__fini_array_start = .)
 *(SORT_BY_NAME(.fini_array.*))
 *(.fini_array)
                [!provide]                PROVIDE (__fini_array_end = .)
 *(.eh_frame*)
 .eh_frame      0x10009044        0x0 c:/progra~2/gnu arm embedded toolchain/10 2021.10/bin/../lib/gcc/arm-none-eabi/10.3.1/thumb/v8-m.main+fp/softfp/crtbegin.o
                0x10009044                . = ALIGN (0x4)

.glue_7         0x10009044        0x0
 .glue_7        0x10009044        0x0 linker stubs

.glue_7t        0x10009044        0x0
 .glue_7t       0x10009044        0x0 linker stubs

.vfp11_veneer   0x10009044        0x0
 .vfp11_veneer  0x10009044        0x0 linker stubs

.v4_bx          0x10009044        0x0
 .v4_bx         0x10009044        0x0 linker stubs

.iplt           0x10009044        0x0
 .iplt          0x10009044        0x0 c:/progra~2/gnu arm embedded toolchain/10 2021.10/bin/../lib/gcc/arm-none-eabi/10.3.1/thumb/v8-m.main+fp/softfp/crtbegin.o

.boot2          0x10009044        0x0
                0x10009044                __boot2_start__ = .
 *(.boot2)
                0x10009044                __boot2_end__ = .
                0x00000001                ASSERT (((__boot2_end__ - __boot2_start__) <= 0x100), ERROR: Pico second stage bootloader must be no more than 256 bytes in size)

.rodata         0x10009048      0x4c0
 *(EXCLUDE_FILE(*libm.a: *libc.a:*lib_a-mem*.o *libgcc.a:) .rodata*)
 .rodata.main.str1.4
                0x10009048       0x23 CMakeFiles/univibe_rp2350_dma.dir/univibe_rp2350_dma.cpp.obj
 *fill*         0x1000906b        0x1 
 .rodata._ZN12Ky040Encoder11kStateTableE
                0x1000906c       0x1c CMakeFiles/univibe_rp2350_dma.dir/univibe_rp2350_dma.cpp.obj
                0x1000906c                Ky040Encoder::kStateTable
 .rodata        0x10009088       0x20 CMakeFiles/univibe_rp2350_dma.dir/univibe_rp2350_dma.cpp.obj
 .rodata._ZL20i2s_rx_slave_program
                0x100090a8        0x8 CMakeFiles/univibe_rp2350_dma.dir/univibe_rp2350_dma.cpp.obj
 .rodata._ZL20i2s_tx_slave_program
                0x100090b0        0x8 CMakeFiles/univibe_rp2350_dma.dir/univibe_rp2350_dma.cpp.obj
 .rodata._ZL22i2s_master_clk_program
                0x100090b8        0x8 CMakeFiles/univibe_rp2350_dma.dir/univibe_rp2350_dma.cpp.obj
 .rodata._ZL33i2s_rx_slave_program_instructions
                0x100090c0       0x20 CMakeFiles/univibe_rp2350_dma.dir/univibe_rp2350_dma.cpp.obj
 .rodata._ZL33i2s_tx_slave_program_instructions
                0x100090e0       0x20 CMakeFiles/univibe_rp2350_dma.dir/univibe_rp2350_dma.cpp.obj
 .rodata._ZL35i2s_master_clk_program_instructions
                0x10009100        0xc CMakeFiles/univibe_rp2350_dma.dir/univibe_rp2350_dma.cpp.obj
 .rodata.panic.str1.4
                0x1000910c       0x12 CMakeFiles/univibe_rp2350_dma.dir/C_/Users/devx/.pico-sdk/sdk/2.2.0/src/rp2_common/pico_platform_panic/panic.c.obj
 *fill*         0x1000911e        0x2 
 .rodata.spin_lock_claim_unused.str1.4
                0x10009120       0x1b CMakeFiles/univibe_rp2350_dma.dir/C_/Users/devx/.pico-sdk/sdk/2.2.0/src/rp2_common/hardware_sync/sync.c.obj
 *fill*         0x1000913b        0x1 
 .rodata.user_irq_claim_unused.str1.4
                0x1000913c       0x1b CMakeFiles/univibe_rp2350_dma.dir/C_/Users/devx/.pico-sdk/sdk/2.2.0/src/rp2_common/hardware_irq/irq.c.obj
 *fill*         0x10009157        0x1 
 .rodata.timer_hardware_alarm_claim.str1.4
                0x10009158       0x22 CMakeFiles/univibe_rp2350_dma.dir/C_/Users/devx/.pico-sdk/sdk/2.2.0/src/rp2_common/hardware_timer/timer.c.obj
 *fill*         0x1000917a        0x2 
 .rodata.hard_assertion_failure.str1.4
                0x1000917c        0xc CMakeFiles/univibe_rp2350_dma.dir/C_/Users/devx/.pico-sdk/sdk/2.2.0/src/rp2_common/pico_runtime/runtime.c.obj
 .rodata.str1.4
                0x10009188       0x48 CMakeFiles/univibe_rp2350_dma.dir/C_/Users/devx/.pico-sdk/sdk/2.2.0/src/rp2_common/pico_standard_binary_info/standard_binary_info.c.obj
 .rodata.__bi_26
                0x100091d0        0xc CMakeFiles/univibe_rp2350_dma.dir/C_/Users/devx/.pico-sdk/sdk/2.2.0/src/rp2_common/pico_standard_binary_info/standard_binary_info.c.obj
 .rodata.__bi_34
                0x100091dc        0xc CMakeFiles/univibe_rp2350_dma.dir/C_/Users/devx/.pico-sdk/sdk/2.2.0/src/rp2_common/pico_standard_binary_info/standard_binary_info.c.obj
 .rodata.__bi_42
                0x100091e8        0xc CMakeFiles/univibe_rp2350_dma.dir/C_/Users/devx/.pico-sdk/sdk/2.2.0/src/rp2_common/pico_standard_binary_info/standard_binary_info.c.obj
 .rodata.__bi_48
                0x100091f4        0xc CMakeFiles/univibe_rp2350_dma.dir/C_/Users/devx/.pico-sdk/sdk/2.2.0/src/rp2_common/pico_standard_binary_info/standard_binary_info.c.obj
 .rodata.__bi_54
                0x10009200        0xc CMakeFiles/univibe_rp2350_dma.dir/C_/Users/devx/.pico-sdk/sdk/2.2.0/src/rp2_common/pico_standard_binary_info/standard_binary_info.c.obj
 .rodata.__bi_78
                0x1000920c        0xc CMakeFiles/univibe_rp2350_dma.dir/C_/Users/devx/.pico-sdk/sdk/2.2.0/src/rp2_common/pico_standard_binary_info/standard_binary_info.c.obj
 .rodata.__bi_84
                0x10009218        0xc CMakeFiles/univibe_rp2350_dma.dir/C_/Users/devx/.pico-sdk/sdk/2.2.0/src/rp2_common/pico_standard_binary_info/standard_binary_info.c.obj
 .rodata._ftoa.str1.4
                0x10009224       0x15 CMakeFiles/univibe_rp2350_dma.dir/C_/Users/devx/.pico-sdk/sdk/2.2.0/src/rp2_common/pico_printf/printf.c.obj
 *fill*         0x10009239        0x7 
 .rodata.pow10.0
                0x10009240       0x50 CMakeFiles/univibe_rp2350_dma.dir/C_/Users/devx/.pico-sdk/sdk/2.2.0/src/rp2_common/pico_printf/printf.c.obj
 .rodata.crlf_str.0
                0x10009290        0x2 CMakeFiles/univibe_rp2350_dma.dir/C_/Users/devx/.pico-sdk/sdk/2.2.0/src/rp2_common/pico_stdio/stdio.c.obj
 *fill*         0x10009292        0x2 
 .rodata._resetd_driver
                0x10009294       0x20 CMakeFiles/univibe_rp2350_dma.dir/C_/Users/devx/.pico-sdk/sdk/2.2.0/src/rp2_common/pico_stdio_usb/reset_interface.c.obj
 .rodata.desc_bos
                0x100092b4       0x21 CMakeFiles/univibe_rp2350_dma.dir/C_/Users/devx/.pico-sdk/sdk/2.2.0/src/rp2_common/pico_stdio_usb/reset_interface.c.obj
                0x100092b4                desc_bos
 *fill*         0x100092d5        0x3 
 .rodata.desc_ms_os_20
                0x100092d8       0xa6 CMakeFiles/univibe_rp2350_dma.dir/C_/Users/devx/.pico-sdk/sdk/2.2.0/src/rp2_common/pico_stdio_usb/reset_interface.c.obj
 *fill*         0x1000937e        0x2 
 .rodata.str1.4
                0x10009380       0x13 CMakeFiles/univibe_rp2350_dma.dir/C_/Users/devx/.pico-sdk/sdk/2.2.0/src/rp2_common/pico_stdio_usb/stdio_usb.c.obj
 *fill*         0x10009393        0x1 
 .rodata.__bi_202.0
                0x10009394        0xc CMakeFiles/univibe_rp2350_dma.dir/C_/Users/devx/.pico-sdk/sdk/2.2.0/src/rp2_common/pico_stdio_usb/stdio_usb.c.obj
 .rodata.str1.4
                0x100093a0       0x2a CMakeFiles/univibe_rp2350_dma.dir/C_/Users/devx/.pico-sdk/sdk/2.2.0/src/rp2_common/pico_stdio_usb/stdio_usb_descriptors.c.obj
 *fill*         0x100093ca        0x2 
 .rodata.usbd_desc_cfg
                0x100093cc       0x54 CMakeFiles/univibe_rp2350_dma.dir/C_/Users/devx/.pico-sdk/sdk/2.2.0/src/rp2_common/pico_stdio_usb/stdio_usb_descriptors.c.obj
 .rodata.usbd_desc_device
                0x10009420       0x12 CMakeFiles/univibe_rp2350_dma.dir/C_/Users/devx/.pico-sdk/sdk/2.2.0/src/rp2_common/pico_stdio_usb/stdio_usb_descriptors.c.obj
 *fill*         0x10009432        0x2 
 .rodata.usbd_desc_str
                0x10009434       0x18 CMakeFiles/univibe_rp2350_dma.dir/C_/Users/devx/.pico-sdk/sdk/2.2.0/src/rp2_common/pico_stdio_usb/stdio_usb_descriptors.c.obj
 .rodata.str1.4
                0x1000944c       0x14 CMakeFiles/univibe_rp2350_dma.dir/C_/Users/devx/.pico-sdk/sdk/2.2.0/lib/tinyusb/src/portable/raspberrypi/rp2040/dcd_rp2040.c.obj
 .rodata.str1.4
                0x10009460       0x48 CMakeFiles/univibe_rp2350_dma.dir/C_/Users/devx/.pico-sdk/sdk/2.2.0/lib/tinyusb/src/portable/raspberrypi/rp2040/rp2040_usb.c.obj
 .rodata._usbd_driver
                0x100094a8       0x40 CMakeFiles/univibe_rp2350_dma.dir/C_/Users/devx/.pico-sdk/sdk/2.2.0/lib/tinyusb/src/device/usbd.c.obj
 .rodata.dma_claim_unused_channel.str1.4
                0x100094e8       0x1e CMakeFiles/univibe_rp2350_dma.dir/C_/Users/devx/.pico-sdk/sdk/2.2.0/src/rp2_common/hardware_dma/dma.c.obj
 *(.srodata*)
                0x10009508                . = ALIGN (0x4)
 *fill*         0x10009506        0x2 
 *(SORT_BY_ALIGNMENT(SORT_BY_NAME(.flashdata*)))
                0x10009508                . = ALIGN (0x4)

.ARM.extab
 *(.ARM.extab* .gnu.linkonce.armextab.*)
                0x10009508                __exidx_start = .

.ARM.exidx      0x10009508        0x8
 *(.ARM.exidx* .gnu.linkonce.armexidx.*)
 .ARM.exidx     0x10009508        0x8 c:/progra~2/gnu arm embedded toolchain/10 2021.10/bin/../lib/gcc/arm-none-eabi/10.3.1/thumb/v8-m.main+fp/softfp\libgcc.a(_udivmoddi4.o)
                0x10009510                __exidx_end = .
                0x10009510                . = ALIGN (0x4)
                0x10009510                __binary_info_start = .

.binary_info    0x10009510       0x20
 *(.binary_info.keep.*)
 .binary_info.keep.__bi_ptr26
                0x10009510        0x4 CMakeFiles/univibe_rp2350_dma.dir/C_/Users/devx/.pico-sdk/sdk/2.2.0/src/rp2_common/pico_standard_binary_info/standard_binary_info.c.obj
 .binary_info.keep.__bi_ptr34
                0x10009514        0x4 CMakeFiles/univibe_rp2350_dma.dir/C_/Users/devx/.pico-sdk/sdk/2.2.0/src/rp2_common/pico_standard_binary_info/standard_binary_info.c.obj
 .binary_info.keep.__bi_ptr42
                0x10009518        0x4 CMakeFiles/univibe_rp2350_dma.dir/C_/Users/devx/.pico-sdk/sdk/2.2.0/src/rp2_common/pico_standard_binary_info/standard_binary_info.c.obj
 .binary_info.keep.__bi_ptr48
                0x1000951c        0x4 CMakeFiles/univibe_rp2350_dma.dir/C_/Users/devx/.pico-sdk/sdk/2.2.0/src/rp2_common/pico_standard_binary_info/standard_binary_info.c.obj
 .binary_info.keep.__bi_ptr54
                0x10009520        0x4 CMakeFiles/univibe_rp2350_dma.dir/C_/Users/devx/.pico-sdk/sdk/2.2.0/src/rp2_common/pico_standard_binary_info/standard_binary_info.c.obj
 .binary_info.keep.__bi_ptr78
                0x10009524        0x4 CMakeFiles/univibe_rp2350_dma.dir/C_/Users/devx/.pico-sdk/sdk/2.2.0/src/rp2_common/pico_standard_binary_info/standard_binary_info.c.obj
 .binary_info.keep.__bi_ptr84
                0x10009528        0x4 CMakeFiles/univibe_rp2350_dma.dir/C_/Users/devx/.pico-sdk/sdk/2.2.0/src/rp2_common/pico_standard_binary_info/standard_binary_info.c.obj
 *(.binary_info.*)
 .binary_info.__bi_ptr202
                0x1000952c        0x4 CMakeFiles/univibe_rp2350_dma.dir/C_/Users/devx/.pico-sdk/sdk/2.2.0/src/rp2_common/pico_stdio_usb/stdio_usb.c.obj
                0x10009530                __binary_info_end = .
                0x10009530                . = ALIGN (0x4)

.ram_vector_table
                0x20000000      0x110
 *(.ram_vector_table)
 .ram_vector_table
                0x20000000      0x110 CMakeFiles/univibe_rp2350_dma.dir/C_/Users/devx/.pico-sdk/sdk/2.2.0/src/rp2_common/pico_runtime_init/runtime_init.c.obj
                0x20000000                ram_vector_table

.uninitialized_data
                0x20000110        0x0
                0x20000110                . = ALIGN (0x4)
 *(.uninitialized_data*)

.data           0x20000110     0x1560 load address 0x10009530
                0x20000110                __data_start__ = .
 *(vtable)
 *(.time_critical*)
 .time_critical.mutex_try_enter
                0x20000110       0x54 CMakeFiles/univibe_rp2350_dma.dir/C_/Users/devx/.pico-sdk/sdk/2.2.0/src/common/pico_sync/mutex.c.obj
                0x20000110                mutex_try_enter
 .time_critical.mutex_enter_block_until
                0x20000164       0x6c CMakeFiles/univibe_rp2350_dma.dir/C_/Users/devx/.pico-sdk/sdk/2.2.0/src/common/pico_sync/mutex.c.obj
                0x20000164                mutex_enter_block_until
 .time_critical.mutex_try_enter_block_until
                0x200001d0       0x6c CMakeFiles/univibe_rp2350_dma.dir/C_/Users/devx/.pico-sdk/sdk/2.2.0/src/common/pico_sync/mutex.c.obj
                0x200001d0                mutex_try_enter_block_until
 .time_critical.mutex_enter_timeout_ms
                0x2000023c       0x2c CMakeFiles/univibe_rp2350_dma.dir/C_/Users/devx/.pico-sdk/sdk/2.2.0/src/common/pico_sync/mutex.c.obj
                0x2000023c                mutex_enter_timeout_ms
 .time_critical.mutex_exit
                0x20000268       0x3c CMakeFiles/univibe_rp2350_dma.dir/C_/Users/devx/.pico-sdk/sdk/2.2.0/src/common/pico_sync/mutex.c.obj
                0x20000268                mutex_exit
 .time_critical.reset_non_control_endpoints
                0x200002a4       0x64 CMakeFiles/univibe_rp2350_dma.dir/C_/Users/devx/.pico-sdk/sdk/2.2.0/lib/tinyusb/src/portable/raspberrypi/rp2040/dcd_rp2040.c.obj
 .time_critical.hw_handle_buff_status
                0x20000308       0xa0 CMakeFiles/univibe_rp2350_dma.dir/C_/Users/devx/.pico-sdk/sdk/2.2.0/lib/tinyusb/src/portable/raspberrypi/rp2040/dcd_rp2040.c.obj
 .time_critical.dcd_rp2040_irq
                0x200003a8      0x4f8 CMakeFiles/univibe_rp2350_dma.dir/C_/Users/devx/.pico-sdk/sdk/2.2.0/lib/tinyusb/src/portable/raspberrypi/rp2040/dcd_rp2040.c.obj
 .time_critical.prepare_ep_buffer
                0x200008a0       0xc8 CMakeFiles/univibe_rp2350_dma.dir/C_/Users/devx/.pico-sdk/sdk/2.2.0/lib/tinyusb/src/portable/raspberrypi/rp2040/rp2040_usb.c.obj
 .time_critical.sync_ep_buffer
                0x20000968       0xb8 CMakeFiles/univibe_rp2350_dma.dir/C_/Users/devx/.pico-sdk/sdk/2.2.0/lib/tinyusb/src/portable/raspberrypi/rp2040/rp2040_usb.c.obj
 .time_critical._hw_endpoint_xfer_sync
                0x20000a20       0x2c CMakeFiles/univibe_rp2350_dma.dir/C_/Users/devx/.pico-sdk/sdk/2.2.0/lib/tinyusb/src/portable/raspberrypi/rp2040/rp2040_usb.c.obj
 .time_critical.e15_is_bulkin_ep
                0x20000a4c       0x28 CMakeFiles/univibe_rp2350_dma.dir/C_/Users/devx/.pico-sdk/sdk/2.2.0/lib/tinyusb/src/portable/raspberrypi/rp2040/rp2040_usb.c.obj
 .time_critical.e15_is_critical_frame_period
                0x20000a74       0x28 CMakeFiles/univibe_rp2350_dma.dir/C_/Users/devx/.pico-sdk/sdk/2.2.0/lib/tinyusb/src/portable/raspberrypi/rp2040/rp2040_usb.c.obj
 .time_critical.hw_endpoint_reset_transfer
                0x20000a9c        0xc CMakeFiles/univibe_rp2350_dma.dir/C_/Users/devx/.pico-sdk/sdk/2.2.0/lib/tinyusb/src/portable/raspberrypi/rp2040/rp2040_usb.c.obj
                0x20000a9c                hw_endpoint_reset_transfer
 .time_critical._hw_endpoint_buffer_control_update32
                0x20000aa8       0x44 CMakeFiles/univibe_rp2350_dma.dir/C_/Users/devx/.pico-sdk/sdk/2.2.0/lib/tinyusb/src/portable/raspberrypi/rp2040/rp2040_usb.c.obj
                0x20000aa8                _hw_endpoint_buffer_control_update32
 .time_critical.hw_endpoint_start_next_buffer
                0x20000aec       0x64 CMakeFiles/univibe_rp2350_dma.dir/C_/Users/devx/.pico-sdk/sdk/2.2.0/lib/tinyusb/src/portable/raspberrypi/rp2040/rp2040_usb.c.obj
                0x20000aec                hw_endpoint_start_next_buffer
 .time_critical.hw_endpoint_xfer_continue
                0x20000b50       0x40 CMakeFiles/univibe_rp2350_dma.dir/C_/Users/devx/.pico-sdk/sdk/2.2.0/lib/tinyusb/src/portable/raspberrypi/rp2040/rp2040_usb.c.obj
                0x20000b50                hw_endpoint_xfer_continue
 .time_critical.tinyusb
                0x20000b90      0x218 CMakeFiles/univibe_rp2350_dma.dir/C_/Users/devx/.pico-sdk/sdk/2.2.0/lib/tinyusb/src/device/usbd.c.obj
                0x20000b90                dcd_event_handler
 *(.text*)
 .text.sqrtf    0x20000da8       0x48 c:/progra~2/gnu arm embedded toolchain/10 2021.10/bin/../lib/gcc/arm-none-eabi/10.3.1/../../../../arm-none-eabi/lib/thumb/v8-m.main+fp/softfp\libm.a(lib_a-wf_sqrt.o)
                0x20000da8                sqrtf
 .text.__ieee754_sqrtf
                0x20000df0       0x10 c:/progra~2/gnu arm embedded toolchain/10 2021.10/bin/../lib/gcc/arm-none-eabi/10.3.1/../../../../arm-none-eabi/lib/thumb/v8-m.main+fp/softfp\libm.a(lib_a-ef_sqrt.o)
                0x20000df0                __ieee754_sqrtf
 .text          0x20000e00       0x30 c:/progra~2/gnu arm embedded toolchain/10 2021.10/bin/../lib/gcc/arm-none-eabi/10.3.1/thumb/v8-m.main+fp/softfp\libgcc.a(_aeabi_uldivmod.o)
                0x20000e00                __aeabi_uldivmod
 .text          0x20000e30      0x2ec c:/progra~2/gnu arm embedded toolchain/10 2021.10/bin/../lib/gcc/arm-none-eabi/10.3.1/thumb/v8-m.main+fp/softfp\libgcc.a(_udivmoddi4.o)
                0x20000e30                __udivmoddi4
 .text          0x2000111c        0x4 c:/progra~2/gnu arm embedded toolchain/10 2021.10/bin/../lib/gcc/arm-none-eabi/10.3.1/thumb/v8-m.main+fp/softfp\libgcc.a(_dvmd_tls.o)
                0x2000111c                __aeabi_idiv0
                0x2000111c                __aeabi_ldiv0
 .text.__stub   0x20001120       0x70 linker stubs
                0x20001190                . = ALIGN (0x4)
 *(.rodata*)
                0x20001190                . = ALIGN (0x4)
 *(.data*)
 .data._ZL11dma_rx_chan
                0x20001190        0x4 CMakeFiles/univibe_rp2350_dma.dir/univibe_rp2350_dma.cpp.obj
 .data._ZL11dma_tx_chan
                0x20001194        0x4 CMakeFiles/univibe_rp2350_dma.dir/univibe_rp2350_dma.cpp.obj
 .data._ZL22tx_bootstrap_remaining
                0x20001198        0x4 CMakeFiles/univibe_rp2350_dma.dir/univibe_rp2350_dma.cpp.obj
 .data.striped_spin_lock_num
                0x2000119c        0x1 CMakeFiles/univibe_rp2350_dma.dir/C_/Users/devx/.pico-sdk/sdk/2.2.0/src/rp2_common/hardware_sync/sync.c.obj
 *fill*         0x2000119d        0x3 
 .data          0x200011a0       0x48 CMakeFiles/univibe_rp2350_dma.dir/C_/Users/devx/.pico-sdk/sdk/2.2.0/src/rp2_common/hardware_irq/irq_handler_chain.S.obj
                0x200011a0                irq_handler_chain_slots
                0x200011d0                irq_handler_chain_first_slot
                0x200011da                irq_handler_chain_remove_tail
 .data.default_alarm_pool
                0x200011e8       0x18 CMakeFiles/univibe_rp2350_dma.dir/C_/Users/devx/.pico-sdk/sdk/2.2.0/src/common/pico_time/time.c.obj
 .data.stdio_usb
                0x20001200       0x18 CMakeFiles/univibe_rp2350_dma.dir/C_/Users/devx/.pico-sdk/sdk/2.2.0/src/rp2_common/pico_stdio_usb/stdio_usb.c.obj
                0x20001200                stdio_usb
 .data._usbd_qdef
                0x20001218       0x1c CMakeFiles/univibe_rp2350_dma.dir/C_/Users/devx/.pico-sdk/sdk/2.2.0/lib/tinyusb/src/device/usbd.c.obj
                0x20001218                _usbd_qdef
 .data._usbd_rhport
                0x20001234        0x1 CMakeFiles/univibe_rp2350_dma.dir/C_/Users/devx/.pico-sdk/sdk/2.2.0/lib/tinyusb/src/device/usbd.c.obj
 *fill*         0x20001235        0x3 
 .data._impure_ptr
                0x20001238        0x4 c:/progra~2/gnu arm embedded toolchain/10 2021.10/bin/../lib/gcc/arm-none-eabi/10.3.1/../../../../arm-none-eabi/lib/thumb/v8-m.main+fp/softfp\libg.a(lib_a-impure.o)
                0x20001238                _impure_ptr
 *fill*         0x2000123c        0x4 
 .data.impure_data
                0x20001240      0x428 c:/progra~2/gnu arm embedded toolchain/10 2021.10/bin/../lib/gcc/arm-none-eabi/10.3.1/../../../../arm-none-eabi/lib/thumb/v8-m.main+fp/softfp\libg.a(lib_a-impure.o)
 *(.sdata*)
                0x20001668                . = ALIGN (0x4)
 *(.after_data.*)
                0x20001668                . = ALIGN (0x4)
                0x20001668                PROVIDE (__mutex_array_start = .)
 *(SORT_BY_NAME(.mutex_array.*))
 *(.mutex_array)
 .mutex_array   0x20001668        0x8 CMakeFiles/univibe_rp2350_dma.dir/C_/Users/devx/.pico-sdk/sdk/2.2.0/src/rp2_common/pico_stdio/stdio.c.obj
                0x20001670                PROVIDE (__mutex_array_end = .)
 *(.jcr)
                0x20001670                . = ALIGN (0x4)

.igot.plt       0x20001670        0x0 load address 0x1000aa90
 .igot.plt      0x20001670        0x0 c:/progra~2/gnu arm embedded toolchain/10 2021.10/bin/../lib/gcc/arm-none-eabi/10.3.1/thumb/v8-m.main+fp/softfp/crtbegin.o

.tdata          0x20001670        0x0 load address 0x1000aa90
                0x20001670                . = ALIGN (0x4)
 *(.tdata .tdata.* .gnu.linkonce.td.*)
                0x20001670                __tdata_end = .
                0x20001670                PROVIDE (__data_end__ = .)
                0x10009530                __etext = LOADADDR (.data)

.tbss           0x20001670        0x0 load address 0x1000aa90
                0x20001670                . = ALIGN (0x4)
                0x20001670                __bss_start__ = .
                0x20001670                __tls_base = .
 *(.tbss .tbss.* .gnu.linkonce.tb.*)
 *(.tcommon)
                0x20001670                __tls_end = .

.bss            0x20001670     0x19c8 load address 0x1000aa90
                0x20001670                . = ALIGN (0x4)
                0x20001670                __tbss_end = .
 *(SORT_BY_ALIGNMENT(SORT_BY_NAME(.bss*)))
 .bss.default_alarm_pool_entries
                0x20001670      0x180 CMakeFiles/univibe_rp2350_dma.dir/C_/Users/devx/.pico-sdk/sdk/2.2.0/src/common/pico_time/time.c.obj
 .bss.last_avail_time.1
                0x200017f0        0x8 CMakeFiles/univibe_rp2350_dma.dir/C_/Users/devx/.pico-sdk/sdk/2.2.0/src/rp2_common/pico_stdio_usb/stdio_usb.c.obj
 .bss           0x200017f8       0x1c c:/progra~2/gnu arm embedded toolchain/10 2021.10/bin/../lib/gcc/arm-none-eabi/10.3.1/thumb/v8-m.main+fp/softfp/crtbegin.o
 .bss._ZL10rx_dma_buf
                0x20001814      0x200 CMakeFiles/univibe_rp2350_dma.dir/univibe_rp2350_dma.cpp.obj
 .bss._ZL10tx_dma_buf
                0x20001a14      0x200 CMakeFiles/univibe_rp2350_dma.dir/univibe_rp2350_dma.cpp.obj
 .bss._ZL11rx_overruns
                0x20001c14        0x4 CMakeFiles/univibe_rp2350_dma.dir/univibe_rp2350_dma.cpp.obj
 .bss._ZL12tx_underruns
                0x20001c18        0x4 CMakeFiles/univibe_rp2350_dma.dir/univibe_rp2350_dma.cpp.obj
 .bss._ZL13rx_fill_index
                0x20001c1c        0x4 CMakeFiles/univibe_rp2350_dma.dir/univibe_rp2350_dma.cpp.obj
 .bss._ZL14rx_block_ready
                0x20001c20        0x2 CMakeFiles/univibe_rp2350_dma.dir/univibe_rp2350_dma.cpp.obj
 *fill*         0x20001c22        0x2 
 .bss._ZL14tx_block_ready
                0x20001c24        0x2 CMakeFiles/univibe_rp2350_dma.dir/univibe_rp2350_dma.cpp.obj
 *fill*         0x20001c26        0x2 
 .bss._ZL14tx_silence_buf
                0x20001c28      0x100 CMakeFiles/univibe_rp2350_dma.dir/univibe_rp2350_dma.cpp.obj
 .bss._ZL17tx_expected_index
                0x20001d28        0x4 CMakeFiles/univibe_rp2350_dma.dir/univibe_rp2350_dma.cpp.obj
 .bss._ZL7univibe
                0x20001d2c      0x640 CMakeFiles/univibe_rp2350_dma.dir/univibe_rp2350_dma.cpp.obj
 .bss._ZL7vibe_ui
                0x2000236c       0x38 CMakeFiles/univibe_rp2350_dma.dir/univibe_rp2350_dma.cpp.obj
 .bss._ZL8dsp_in_l
                0x200023a4       0x80 CMakeFiles/univibe_rp2350_dma.dir/univibe_rp2350_dma.cpp.obj
 .bss._ZL8dsp_in_r
                0x20002424       0x80 CMakeFiles/univibe_rp2350_dma.dir/univibe_rp2350_dma.cpp.obj
 .bss._ZL9dsp_out_l
                0x200024a4       0x80 CMakeFiles/univibe_rp2350_dma.dir/univibe_rp2350_dma.cpp.obj
 .bss._ZL9dsp_out_r
                0x20002524       0x80 CMakeFiles/univibe_rp2350_dma.dir/univibe_rp2350_dma.cpp.obj
 .bss._app_driver
                0x200025a4        0x4 CMakeFiles/univibe_rp2350_dma.dir/C_/Users/devx/.pico-sdk/sdk/2.2.0/lib/tinyusb/src/device/usbd.c.obj
 .bss._cdcd_epbuf
                0x200025a8       0x80 CMakeFiles/univibe_rp2350_dma.dir/C_/Users/devx/.pico-sdk/sdk/2.2.0/lib/tinyusb/src/class/cdc/cdc_device.c.obj
 .bss._cdcd_fifo_cfg
                0x20002628        0x1 CMakeFiles/univibe_rp2350_dma.dir/C_/Users/devx/.pico-sdk/sdk/2.2.0/lib/tinyusb/src/class/cdc/cdc_device.c.obj
 *fill*         0x20002629        0x3 
 .bss._cdcd_itf
                0x2000262c       0xc8 CMakeFiles/univibe_rp2350_dma.dir/C_/Users/devx/.pico-sdk/sdk/2.2.0/lib/tinyusb/src/class/cdc/cdc_device.c.obj
 .bss._ctrl_epbuf
                0x200026f4       0x40 CMakeFiles/univibe_rp2350_dma.dir/C_/Users/devx/.pico-sdk/sdk/2.2.0/lib/tinyusb/src/device/usbd_control.c.obj
 .bss._ctrl_xfer
                0x20002734       0x14 CMakeFiles/univibe_rp2350_dma.dir/C_/Users/devx/.pico-sdk/sdk/2.2.0/lib/tinyusb/src/device/usbd_control.c.obj
 .bss._sw_spin_locks
                0x20002748       0x20 CMakeFiles/univibe_rp2350_dma.dir/C_/Users/devx/.pico-sdk/sdk/2.2.0/src/rp2_common/hardware_sync_spin_lock/sync_spin_lock.c.obj
                0x20002748                _sw_spin_locks
 .bss._tusb_rhport_role
                0x20002768        0x2 CMakeFiles/univibe_rp2350_dma.dir/C_/Users/devx/.pico-sdk/sdk/2.2.0/lib/tinyusb/src/tusb.c.obj
                0x20002768                _tusb_rhport_role
 *fill*         0x2000276a        0x2 
 .bss._ubsd_mutexdef
                0x2000276c        0x8 CMakeFiles/univibe_rp2350_dma.dir/C_/Users/devx/.pico-sdk/sdk/2.2.0/lib/tinyusb/src/device/usbd.c.obj
 .bss._usbd_dev
                0x20002774       0x54 CMakeFiles/univibe_rp2350_dma.dir/C_/Users/devx/.pico-sdk/sdk/2.2.0/lib/tinyusb/src/device/usbd.c.obj
 .bss._usbd_mutex
                0x200027c8        0x4 CMakeFiles/univibe_rp2350_dma.dir/C_/Users/devx/.pico-sdk/sdk/2.2.0/lib/tinyusb/src/device/usbd.c.obj
 .bss._usbd_q   0x200027cc        0x4 CMakeFiles/univibe_rp2350_dma.dir/C_/Users/devx/.pico-sdk/sdk/2.2.0/lib/tinyusb/src/device/usbd.c.obj
 .bss._usbd_qdef_buf
                0x200027d0       0xc0 CMakeFiles/univibe_rp2350_dma.dir/C_/Users/devx/.pico-sdk/sdk/2.2.0/lib/tinyusb/src/device/usbd.c.obj
                0x200027d0                _usbd_qdef_buf
 .bss._used_instruction_space
                0x20002890        0xc CMakeFiles/univibe_rp2350_dma.dir/C_/Users/devx/.pico-sdk/sdk/2.2.0/src/rp2_common/hardware_pio/pio.c.obj
 .bss._vendord_epbuf
                0x2000289c       0x80 CMakeFiles/univibe_rp2350_dma.dir/C_/Users/devx/.pico-sdk/sdk/2.2.0/lib/tinyusb/src/class/vendor/vendor_device.c.obj
 .bss._vendord_itf
                0x2000291c      0x24c CMakeFiles/univibe_rp2350_dma.dir/C_/Users/devx/.pico-sdk/sdk/2.2.0/lib/tinyusb/src/class/vendor/vendor_device.c.obj
 .bss.chars_available_callback
                0x20002b68        0x4 CMakeFiles/univibe_rp2350_dma.dir/C_/Users/devx/.pico-sdk/sdk/2.2.0/src/rp2_common/pico_stdio_usb/stdio_usb.c.obj
 .bss.chars_available_param
                0x20002b6c        0x4 CMakeFiles/univibe_rp2350_dma.dir/C_/Users/devx/.pico-sdk/sdk/2.2.0/src/rp2_common/pico_stdio_usb/stdio_usb.c.obj
 .bss.claimed   0x20002b70        0x4 CMakeFiles/univibe_rp2350_dma.dir/C_/Users/devx/.pico-sdk/sdk/2.2.0/src/rp2_common/hardware_sync/sync.c.obj
 .bss.claimed   0x20002b74        0x2 CMakeFiles/univibe_rp2350_dma.dir/C_/Users/devx/.pico-sdk/sdk/2.2.0/src/rp2_common/hardware_timer/timer.c.obj
 *fill*         0x20002b76        0x2 
 .bss.configured_freq
                0x20002b78       0x28 CMakeFiles/univibe_rp2350_dma.dir/C_/Users/devx/.pico-sdk/sdk/2.2.0/src/rp2_common/hardware_clocks/clocks.c.obj
 .bss.desc_str.0
                0x20002ba0       0x28 CMakeFiles/univibe_rp2350_dma.dir/C_/Users/devx/.pico-sdk/sdk/2.2.0/src/rp2_common/pico_stdio_usb/stdio_usb_descriptors.c.obj
 .bss.drivers   0x20002bc8        0x4 CMakeFiles/univibe_rp2350_dma.dir/C_/Users/devx/.pico-sdk/sdk/2.2.0/src/rp2_common/pico_stdio/stdio.c.obj
 .bss.e15_last_sof
                0x20002bcc        0x4 CMakeFiles/univibe_rp2350_dma.dir/C_/Users/devx/.pico-sdk/sdk/2.2.0/lib/tinyusb/src/portable/raspberrypi/rp2040/rp2040_usb.c.obj
                0x20002bcc                e15_last_sof
 .bss.filter    0x20002bd0        0x4 CMakeFiles/univibe_rp2350_dma.dir/C_/Users/devx/.pico-sdk/sdk/2.2.0/src/rp2_common/pico_stdio/stdio.c.obj
 .bss.hw_endpoints
                0x20002bd4      0x400 CMakeFiles/univibe_rp2350_dma.dir/C_/Users/devx/.pico-sdk/sdk/2.2.0/lib/tinyusb/src/portable/raspberrypi/rp2040/dcd_rp2040.c.obj
 .bss.lazy_vsnprintf
                0x20002fd4        0x4 CMakeFiles/univibe_rp2350_dma.dir/C_/Users/devx/.pico-sdk/sdk/2.2.0/src/rp2_common/pico_printf/printf.c.obj
 .bss.load_value
                0x20002fd8        0x4 CMakeFiles/univibe_rp2350_dma.dir/C_/Users/devx/.pico-sdk/sdk/2.2.0/src/rp2_common/hardware_watchdog/watchdog.c.obj
 .bss.next_buffer_ptr
                0x20002fdc        0x4 CMakeFiles/univibe_rp2350_dma.dir/C_/Users/devx/.pico-sdk/sdk/2.2.0/lib/tinyusb/src/portable/raspberrypi/rp2040/dcd_rp2040.c.obj
 .bss.one_shot_timer_crit_sec
                0x20002fe0        0x8 CMakeFiles/univibe_rp2350_dma.dir/C_/Users/devx/.pico-sdk/sdk/2.2.0/src/rp2_common/pico_stdio_usb/stdio_usb.c.obj
 .bss.pools     0x20002fe8       0x20 CMakeFiles/univibe_rp2350_dma.dir/C_/Users/devx/.pico-sdk/sdk/2.2.0/src/common/pico_time/time.c.obj
 .bss.retrieved_id
                0x20003008        0x8 CMakeFiles/univibe_rp2350_dma.dir/C_/Users/devx/.pico-sdk/sdk/2.2.0/src/rp2_common/pico_unique_id/unique_id.c.obj
 .bss.sleep_notifier
                0x20003010        0x4 CMakeFiles/univibe_rp2350_dma.dir/C_/Users/devx/.pico-sdk/sdk/2.2.0/src/common/pico_time/time.c.obj
 .bss.stdio_usb_mutex
                0x20003014        0x8 CMakeFiles/univibe_rp2350_dma.dir/C_/Users/devx/.pico-sdk/sdk/2.2.0/src/rp2_common/pico_stdio_usb/stdio_usb.c.obj
 .bss.usbd_serial_str
                0x2000301c       0x11 CMakeFiles/univibe_rp2350_dma.dir/C_/Users/devx/.pico-sdk/sdk/2.2.0/src/rp2_common/pico_stdio_usb/stdio_usb_descriptors.c.obj
 *fill*         0x2000302d        0x1 
 .bss._claimed  0x2000302e        0x2 CMakeFiles/univibe_rp2350_dma.dir/C_/Users/devx/.pico-sdk/sdk/2.2.0/src/rp2_common/hardware_dma/dma.c.obj
 .bss._app_driver_count
                0x20003030        0x1 CMakeFiles/univibe_rp2350_dma.dir/C_/Users/devx/.pico-sdk/sdk/2.2.0/lib/tinyusb/src/device/usbd.c.obj
 .bss._sof_enable
                0x20003031        0x1 CMakeFiles/univibe_rp2350_dma.dir/C_/Users/devx/.pico-sdk/sdk/2.2.0/lib/tinyusb/src/portable/raspberrypi/rp2040/dcd_rp2040.c.obj
 .bss._usbd_queued_setup
                0x20003032        0x1 CMakeFiles/univibe_rp2350_dma.dir/C_/Users/devx/.pico-sdk/sdk/2.2.0/lib/tinyusb/src/device/usbd.c.obj
 .bss.irq_handler_chain_free_slot_head
                0x20003033        0x1 CMakeFiles/univibe_rp2350_dma.dir/C_/Users/devx/.pico-sdk/sdk/2.2.0/src/rp2_common/hardware_irq/irq.c.obj
 .bss.itf_num   0x20003034        0x1 CMakeFiles/univibe_rp2350_dma.dir/C_/Users/devx/.pico-sdk/sdk/2.2.0/src/rp2_common/pico_stdio_usb/reset_interface.c.obj
 .bss.low_priority_irq_num
                0x20003035        0x1 CMakeFiles/univibe_rp2350_dma.dir/C_/Users/devx/.pico-sdk/sdk/2.2.0/src/rp2_common/pico_stdio_usb/stdio_usb.c.obj
 .bss.one_shot_timer_pending
                0x20003036        0x1 CMakeFiles/univibe_rp2350_dma.dir/C_/Users/devx/.pico-sdk/sdk/2.2.0/src/rp2_common/pico_stdio_usb/stdio_usb.c.obj
 .bss.user_irq_claimed
                0x20003037        0x1 CMakeFiles/univibe_rp2350_dma.dir/C_/Users/devx/.pico-sdk/sdk/2.2.0/src/rp2_common/hardware_irq/irq.c.obj
 *(COMMON)
                [!provide]                PROVIDE (__global_pointer$ = (. + 0x800))
 *(.sbss*)
                0x20003038                . = ALIGN (0x4)
                0x20003038                __bss_end__ = .

.heap           0x20003038      0x800 load address 0x1000aa90
                0x20003038                __end__ = .
                0x20003038                end = __end__
 *(.heap*)
 .heap          0x20003038      0x800 CMakeFiles/univibe_rp2350_dma.dir/C_/Users/devx/.pico-sdk/sdk/2.2.0/src/rp2_common/pico_crt0/crt0.S.obj
                0x20080000                __HeapLimit = (ORIGIN (RAM) + LENGTH (RAM))

.scratch_x      0x20080000        0x0 load address 0x1000aa90
                0x20080000                __scratch_x_start__ = .
 *(.scratch_x.*)
                0x20080000                . = ALIGN (0x4)
                0x20080000                __scratch_x_end__ = .
                0x1000aa90                __scratch_x_source__ = LOADADDR (.scratch_x)

.scratch_y      0x20081000        0x0 load address 0x1000aa90
                0x20081000                __scratch_y_start__ = .
 *(.scratch_y.*)
                0x20081000                . = ALIGN (0x4)
                0x20081000                __scratch_y_end__ = .
                0x1000aa90                __scratch_y_source__ = LOADADDR (.scratch_y)

.stack1_dummy   0x20080000        0x0
 *(.stack1*)

.stack_dummy    0x20081000      0x800
 *(.stack*)