[0/2] Re-checking globbed directories...
[1/34] Generating Pico2VibePlugin_artefacts/JuceLibraryCode/JuceHeader.h
[2/34] Building CXX object plugin/juce/CMakeFiles/Pico2VibePlugin.dir/PluginEditor.cpp.obj
[3/34] Building CXX object plugin/juce/CMakeFiles/juce_vst3_helper.dir/C_/progs/vst/te2350/build/te2350-vst-ninja-net/_deps/juce-src/modules/juce_audio_plugin_client/VST3/juce_VST3ManifestHelper.cpp.obj
[4/34] Building CXX object plugin/juce/CMakeFiles/Pico2VibePlugin.dir/PluginProcessor.cpp.obj
In file included from C:/progs/pico/pico2vibe/src/dsp/vibe_core.hpp:6,
                 from C:/progs/pico/pico2vibe/plugin/juce/PluginProcessor.cpp:4:
C:/progs/pico/pico2vibe/src/dsp/optical_model.hpp: In member function 'const OpticalFrame& OpticalModel::process_sample(float, float, float, float, float)':
C:/progs/pico/pico2vibe/src/dsp/optical_model.hpp:115:22: warning: comparing floating-point with '==' or '!=' is unsafe [-Wfloat-equal]
  115 |         if (regionLo != cachedRegionLo_ || regionHi != cachedRegionHi_) {
      |             ~~~~~~~~~^~~~~~~~~~~~~~~~~~
C:/progs/pico/pico2vibe/src/dsp/optical_model.hpp:115:53: warning: comparing floating-point with '==' or '!=' is unsafe [-Wfloat-equal]
  115 |         if (regionLo != cachedRegionLo_ || regionHi != cachedRegionHi_) {
      |                                            ~~~~~~~~~^~~~~~~~~~~~~~~~~~
[5/34] Building CXX object plugin/juce/CMakeFiles/Pico2VibePlugin.dir/C_/progs/vst/te2350/build/te2350-vst-ninja-net/_deps/juce-src/modules/juce_audio_processors/juce_audio_processors_ara.cpp.obj
[6/34] Building CXX object plugin/juce/CMakeFiles/Pico2VibePlugin.dir/C_/progs/vst/te2350/build/te2350-vst-ninja-net/_deps/juce-src/modules/juce_audio_processors/juce_audio_processors_lv2_libs.cpp.obj
[7/34] Building CXX object plugin/juce/CMakeFiles/Pico2VibePlugin.dir/C_/progs/vst/te2350/build/te2350-vst-ninja-net/_deps/juce-src/modules/juce_audio_processors/juce_audio_processors.cpp.obj
[8/34] Building CXX object plugin/juce/CMakeFiles/Pico2VibePlugin.dir/C_/progs/vst/te2350/build/te2350-vst-ninja-net/_deps/juce-src/modules/juce_gui_extra/juce_gui_extra.cpp.obj
[9/34] Building CXX object plugin/juce/CMakeFiles/Pico2VibePlugin.dir/C_/progs/vst/te2350/build/te2350-vst-ninja-net/_deps/juce-src/modules/juce_graphics/juce_graphics.cpp.obj
C:/progs/vst/te2350/build/te2350-vst-ninja-net/_deps/juce-src/modules/juce_graphics/juce_graphics.cpp:52:4: warning: #warning before C++23 is a GCC extension
   52 |   #warning "DirectWrite not currently implemented with mingw..."
      |    ^~~~~~~
C:/progs/vst/te2350/build/te2350-vst-ninja-net/_deps/juce-src/modules/juce_graphics/juce_graphics.cpp:52:4: warning: #warning "DirectWrite not currently implemented with mingw..." [-Wcpp]
[10/34] Building CXX object plugin/juce/CMakeFiles/Pico2VibePlugin.dir/C_/progs/vst/te2350/build/te2350-vst-ninja-net/_deps/juce-src/modules/juce_events/juce_events.cpp.obj
[11/34] Building CXX object plugin/juce/CMakeFiles/Pico2VibePlugin.dir/C_/progs/vst/te2350/build/te2350-vst-ninja-net/_deps/juce-src/modules/juce_gui_basics/juce_gui_basics.cpp.obj
In file included from C:/progs/vst/te2350/build/te2350-vst-ninja-net/_deps/juce-src/modules/juce_gui_basics/juce_gui_basics.cpp:298:
C:/progs/vst/te2350/build/te2350-vst-ninja-net/_deps/juce-src/modules/juce_gui_basics/lookandfeel/juce_LookAndFeel_V2.cpp: In member function 'virtual int juce::LookAndFeel_V2::getTabButtonBestWidth(juce::TabBarButton&, int)':
C:/progs/vst/te2350/build/te2350-vst-ninja-net/_deps/juce-src/modules/juce_gui_basics/lookandfeel/juce_LookAndFeel_V2.cpp:2187: note: '-Wmisleading-indentation' is disabled from this point onwards, since column-tracking was disabled due to the size of the code/headers
 2187 |     if (auto* extraComponent = button.getExtraComponent())
C:/progs/vst/te2350/build/te2350-vst-ninja-net/_deps/juce-src/modules/juce_gui_basics/lookandfeel/juce_LookAndFeel_V2.cpp:2187: note: adding '-flarge-source-files' will allow for more column-tracking support, at the expense of compilation time and memory
[12/34] Building CXX object plugin/juce/CMakeFiles/Pico2VibePlugin.dir/C_/progs/vst/te2350/build/te2350-vst-ninja-net/_deps/juce-src/modules/juce_data_structures/juce_data_structures.cpp.obj
[13/34] Building CXX object plugin/juce/CMakeFiles/Pico2VibePlugin.dir/C_/progs/vst/te2350/build/te2350-vst-ninja-net/_deps/juce-src/modules/juce_core/juce_core.cpp.obj
In file included from C:/progs/vst/te2350/build/te2350-vst-ninja-net/_deps/juce-src/modules/juce_core/juce_core.cpp:177:
C:/progs/vst/te2350/build/te2350-vst-ninja-net/_deps/juce-src/modules/juce_core/time/juce_Time.cpp: In member function 'juce::String juce::Time::getTimeZone() const':
C:/progs/vst/te2350/build/te2350-vst-ninja-net/_deps/juce-src/modules/juce_core/time/juce_Time.cpp:395:35: warning: 'tzname' is deprecated: Only provided for source compatibility; this variable might not always be accurate when linking to UCRT. [-Wdeprecated-declarations]
  395 |     auto zonePtr = (const char**) tzname;
      |                                   ^~~~~~
In file included from C:/Users/devx/AppData/Local/Microsoft/WinGet/Packages/BrechtSanders.WinLibs.POSIX.UCRT.LLVM_Microsoft.Winget.Source_8wekyb3d8bbwe/mingw64/include/c++/14.2.0/ctime:42,
                 from C:/progs/vst/te2350/build/te2350-vst-ninja-net/_deps/juce-src/modules/juce_core/native/juce_BasicNativeHeaders.h:108,
                 from C:/progs/vst/te2350/build/te2350-vst-ninja-net/_deps/juce-src/modules/juce_core/juce_core.h:197,
                 from C:/progs/vst/te2350/build/te2350-vst-ninja-net/_deps/juce-src/modules/juce_core/juce_core.cpp:37:
C:/Users/devx/AppData/Local/Microsoft/WinGet/Packages/BrechtSanders.WinLibs.POSIX.UCRT.LLVM_Microsoft.Winget.Source_8wekyb3d8bbwe/mingw64/x86_64-w64-mingw32/include/time.h:283:24: note: declared here
  283 |   _CRTIMP extern char *tzname[2] __MINGW_ATTRIB_DEPRECATED_UCRT;
      |                        ^~~~~~
[14/34] Building CXX object plugin/juce/CMakeFiles/Pico2VibePlugin.dir/C_/progs/vst/te2350/build/te2350-vst-ninja-net/_deps/juce-src/modules/juce_audio_basics/juce_audio_basics.cpp.obj
[15/34] Building CXX object plugin/juce/CMakeFiles/Pico2VibePlugin.dir/C_/progs/vst/te2350/build/te2350-vst-ninja-net/_deps/juce-src/modules/juce_audio_utils/juce_audio_utils.cpp.obj
[16/34] Building CXX object plugin/juce/CMakeFiles/Pico2VibePlugin.dir/C_/progs/vst/te2350/build/te2350-vst-ninja-net/_deps/juce-src/modules/juce_audio_devices/juce_audio_devices.cpp.obj
[17/34] Building CXX object plugin/juce/CMakeFiles/Pico2VibePlugin.dir/C_/progs/vst/te2350/build/te2350-vst-ninja-net/_deps/juce-src/modules/juce_audio_formats/juce_audio_formats.cpp.obj
[18/34] Linking CXX executable plugin\juce\juce_vst3_helper.exe
[19/34] Generating Pico2VibePlugin_artefacts/JuceLibraryCode/Pico2VibePlugin_resources.rc
[20/34] Building CXX object plugin/juce/CMakeFiles/Pico2VibePlugin_VST3.dir/C_/progs/vst/te2350/build/te2350-vst-ninja-net/_deps/juce-src/modules/juce_audio_plugin_client/juce_audio_plugin_client_AAX.cpp.obj
[21/34] Building CXX object plugin/juce/CMakeFiles/Pico2VibePlugin_VST3.dir/C_/progs/vst/te2350/build/te2350-vst-ninja-net/_deps/juce-src/modules/juce_audio_plugin_client/juce_audio_plugin_client_AAX_utils.cpp.obj
[22/34] Building CXX object plugin/juce/CMakeFiles/Pico2VibePlugin_VST3.dir/C_/progs/vst/te2350/build/te2350-vst-ninja-net/_deps/juce-src/modules/juce_audio_plugin_client/juce_audio_plugin_client_ARA.cpp.obj
[23/34] Building CXX object plugin/juce/CMakeFiles/Pico2VibePlugin_VST3.dir/C_/progs/vst/te2350/build/te2350-vst-ninja-net/_deps/juce-src/modules/juce_audio_plugin_client/juce_audio_plugin_client_LV2.cpp.obj
[24/34] Building CXX object plugin/juce/CMakeFiles/Pico2VibePlugin_VST3.dir/C_/progs/vst/te2350/build/te2350-vst-ninja-net/_deps/juce-src/modules/juce_audio_plugin_client/juce_audio_plugin_client_Standalone.cpp.obj
[25/34] Building CXX object plugin/juce/CMakeFiles/Pico2VibePlugin_VST3.dir/C_/progs/vst/te2350/build/te2350-vst-ninja-net/_deps/juce-src/modules/juce_audio_plugin_client/juce_audio_plugin_client_Unity.cpp.obj
[26/34] Building CXX object plugin/juce/CMakeFiles/Pico2VibePlugin_VST3.dir/C_/progs/vst/te2350/build/te2350-vst-ninja-net/_deps/juce-src/modules/juce_audio_plugin_client/juce_audio_plugin_client_VST2.cpp.obj
[27/34] Building CXX object plugin/juce/CMakeFiles/Pico2VibePlugin.dir/C_/progs/vst/te2350/build/te2350-vst-ninja-net/_deps/juce-src/modules/juce_dsp/juce_dsp.cpp.obj
[28/34] Linking CXX static library plugin\juce\Pico2VibePlugin_artefacts\Release\libpico2vibe_SharedCode.a
[29/34] Building RC object plugin/juce/CMakeFiles/Pico2VibePlugin_rc_lib.dir/Pico2VibePlugin_artefacts/JuceLibraryCode/Pico2VibePlugin_resources.rc.obj
[30/34] Building CXX object plugin/juce/CMakeFiles/Pico2VibePluginTests.dir/PluginSmokeTest.cpp.obj
[31/34] Linking CXX executable plugin\juce\Pico2VibePluginTests.exe
[32/34] Building CXX object plugin/juce/CMakeFiles/Pico2VibePlugin_VST3.dir/C_/progs/vst/te2350/build/te2350-vst-ninja-net/_deps/juce-src/modules/juce_audio_plugin_client/juce_audio_plugin_client_VST3.cpp.obj
[33/34] Linking CXX shared module plugin\juce\Pico2VibePlugin_artefacts\Release\VST3\pico2vibe.vst3\Contents\x86_64-win\pico2vibe.vst3
removing moduleinfo.json
